[2025-09-22 22:37:04][INFO] Loading resources...
[2025-09-22 22:37:04][FINE] Loading resources from: bluemap/resourceExtensions.zip ...
[2025-09-22 22:37:05][FINE] Loading resources from: bluemap/minecraft-client-1.21.8.jar ...
[2025-09-22 22:37:05][FINE] Collecting texture-keys...
[2025-09-22 22:37:05][FINE] Found 1154 texture-keys.
[2025-09-22 22:37:05][FINE] Loading textures from: bluemap/resourceExtensions.zip ...
[2025-09-22 22:37:05][FINE] Loading textures from: bluemap/minecraft-client-1.21.8.jar ...
[2025-09-22 22:37:06][FINE] Baking resources...
[2025-09-22 22:37:06][INFO] Resources loaded.
[2025-09-22 22:37:06][FINE] Loading world world_the_end#minecraft:the_end ...
[2025-09-22 22:37:06][FINE] Loading datapack...
[2025-09-22 22:37:06][FINE] Loading datapack from: bluemap/resourceExtensions.zip ...
[2025-09-22 22:37:06][FINE] Loading datapack from: bluemap/minecraft-client-1.21.8.jar ...
[2025-09-22 22:37:06][FINE] Baking datapack...
[2025-09-22 22:37:06][FINE] Datapack loaded.
[2025-09-22 22:37:07][INFO] Initializing Storage: 'file' (Type: 'bluemap:file')
[2025-09-22 22:37:07][INFO] Loading map 'world_the_end'...
[2025-09-22 22:37:07][FINE] Loading render-state for map 'world_the_end'
[2025-09-22 22:37:07][FINE] Loading textures for map 'world_the_end'
[2025-09-22 22:37:07][WARNING] 
################################
 There is a problem with your BlueMap setup!
 Failed to load map 'world_the_end'!
 
 Failed to parse marker-sets.Make sure your marker-configuration for this map is valid.
################################
[2025-09-22 22:37:07][SEVERE] Detailed error:
de.bluecolored.bluemap.common.config.ConfigurationException: de.bluecolored.bluemap.common.config.ConfigurationException: com.google.gson.JsonSyntaxException: java.lang.IllegalStateException: Expected BEGIN_OBJECT but was BEGIN_ARRAY at path $.position
	at bluemap-5.11-paper (1).jar//de.bluecolored.bluemap.common.BlueMapService.loadMap(BlueMapService.java:244)
	at bluemap-5.11-paper (1).jar//de.bluecolored.bluemap.common.BlueMapService.getOrLoadMaps(BlueMapService.java:154)
	at bluemap-5.11-paper (1).jar//de.bluecolored.bluemap.common.BlueMapService.getOrLoadMaps(BlueMapService.java:137)
	at bluemap-5.11-paper (1).jar//de.bluecolored.bluemap.common.plugin.Plugin.load(Plugin.java:189)
	at bluemap-5.11-paper (1).jar//de.bluecolored.bluemap.common.plugin.Plugin.load(Plugin.java:115)
	at bluemap-5.11-paper (1).jar//de.bluecolored.bluemap.bukkit.BukkitPlugin.lambda$onEnable$1(BukkitPlugin.java:133)
	at java.base/java.lang.Thread.run(Thread.java:1583)
Caused by: de.bluecolored.bluemap.common.config.ConfigurationException: com.google.gson.JsonSyntaxException: java.lang.IllegalStateException: Expected BEGIN_OBJECT but was BEGIN_ARRAY at path $.position
	at bluemap-5.11-paper (1).jar//de.bluecolored.bluemap.common.config.MapConfig.parseMarkerSets(MapConfig.java:119)
	at bluemap-5.11-paper (1).jar//de.bluecolored.bluemap.common.BlueMapService.loadMap(BlueMapService.java:241)
	... 6 more
Caused by: com.google.gson.JsonSyntaxException: java.lang.IllegalStateException: Expected BEGIN_OBJECT but was BEGIN_ARRAY at path $.position
	at com.google.gson.internal.bind.ReflectiveTypeAdapterFactory$Adapter.read(ReflectiveTypeAdapterFactory.java:520)
	at com.google.gson.Gson.fromJson(Gson.java:1361)
	at com.google.gson.Gson.fromJson(Gson.java:1463)
	at com.google.gson.Gson.fromJson(Gson.java:1434)
	at com.google.gson.internal.bind.TreeTypeAdapter$GsonContextImpl.deserialize(TreeTypeAdapter.java:199)
	at bluemap-5.11-paper (1).jar//de.bluecolored.bluemap.api.gson.MarkerGson$MarkerDeserializer.deserialize(MarkerGson.java:84)
	at bluemap-5.11-paper (1).jar//de.bluecolored.bluemap.api.gson.MarkerGson$MarkerDeserializer.deserialize(MarkerGson.java:69)
	at com.google.gson.internal.bind.TreeTypeAdapter.read(TreeTypeAdapter.java:95)
	at com.google.gson.internal.bind.TreeTypeAdapter.read(TreeTypeAdapter.java:89)
	at com.google.gson.internal.bind.TypeAdapterRuntimeTypeWrapper.read(TypeAdapterRuntimeTypeWrapper.java:40)
	at com.google.gson.internal.bind.MapTypeAdapterFactory$Adapter.read(MapTypeAdapterFactory.java:200)
	at com.google.gson.internal.bind.MapTypeAdapterFactory$Adapter.read(MapTypeAdapterFactory.java:154)
	at com.google.gson.internal.bind.ReflectiveTypeAdapterFactory$2.readIntoField(ReflectiveTypeAdapterFactory.java:267)
	at com.google.gson.internal.bind.ReflectiveTypeAdapterFactory$FieldReflectionAdapter.readField(ReflectiveTypeAdapterFactory.java:558)
	at com.google.gson.internal.bind.ReflectiveTypeAdapterFactory$Adapter.read(ReflectiveTypeAdapterFactory.java:516)
	at com.google.gson.internal.bind.TypeAdapterRuntimeTypeWrapper.read(TypeAdapterRuntimeTypeWrapper.java:40)
	at com.google.gson.internal.bind.MapTypeAdapterFactory$Adapter.read(MapTypeAdapterFactory.java:200)
	at com.google.gson.internal.bind.MapTypeAdapterFactory$Adapter.read(MapTypeAdapterFactory.java:154)
	at com.google.gson.Gson.fromJson(Gson.java:1361)
	at com.google.gson.Gson.fromJson(Gson.java:1262)
	at com.google.gson.Gson.fromJson(Gson.java:1171)
	at com.google.gson.Gson.fromJson(Gson.java:1137)
	at bluemap-5.11-paper (1).jar//de.bluecolored.bluemap.common.config.MapConfig.parseMarkerSets(MapConfig.java:117)
	... 7 more
Caused by: java.lang.IllegalStateException: Expected BEGIN_OBJECT but was BEGIN_ARRAY at path $.position
	at com.google.gson.internal.bind.JsonTreeReader.expect(JsonTreeReader.java:179)
	at com.google.gson.internal.bind.JsonTreeReader.beginObject(JsonTreeReader.java:96)
	at bluemap-5.11-paper (1).jar//de.bluecolored.bluemap.api.gson.MarkerGson$Vector3dAdapter.read(MarkerGson.java:298)
	at bluemap-5.11-paper (1).jar//de.bluecolored.bluemap.api.gson.MarkerGson$Vector3dAdapter.read(MarkerGson.java:275)
	at com.google.gson.internal.bind.ReflectiveTypeAdapterFactory$2.readIntoField(ReflectiveTypeAdapterFactory.java:267)
	at com.google.gson.internal.bind.ReflectiveTypeAdapterFactory$FieldReflectionAdapter.readField(ReflectiveTypeAdapterFactory.java:558)
	at com.google.gson.internal.bind.ReflectiveTypeAdapterFactory$Adapter.read(ReflectiveTypeAdapterFactory.java:516)
	... 29 more

[2025-09-22 22:37:07][FINE] Loading world void#minecraft:overworld ...
[2025-09-22 22:37:07][FINE] Loading datapack...
[2025-09-22 22:37:07][FINE] Loading datapack from: bluemap/resourceExtensions.zip ...
[2025-09-22 22:37:07][FINE] Loading datapack from: bluemap/minecraft-client-1.21.8.jar ...
[2025-09-22 22:37:07][FINE] Baking datapack...
[2025-09-22 22:37:07][FINE] Datapack loaded.
[2025-09-22 22:37:07][INFO] Loading map 'void'...
[2025-09-22 22:37:07][FINE] Loading render-state for map 'void'
[2025-09-22 22:37:07][FINE] Loading textures for map 'void'
[2025-09-22 22:37:07][FINE] Loading world world#minecraft:overworld ...
[2025-09-22 22:37:07][FINE] Loading datapack...
[2025-09-22 22:37:07][FINE] Loading datapack from: world/datapacks/bukkit ...
[2025-09-22 22:37:07][FINE] Loading datapack from: bluemap/resourceExtensions.zip ...
[2025-09-22 22:37:07][FINE] Loading datapack from: bluemap/minecraft-client-1.21.8.jar ...
[2025-09-22 22:37:07][FINE] Baking datapack...
[2025-09-22 22:37:07][FINE] Datapack loaded.
[2025-09-22 22:37:07][INFO] Loading map 'world'...
[2025-09-22 22:37:07][FINE] Loading render-state for map 'world'
[2025-09-22 22:37:07][FINE] Loading textures for map 'world'
[2025-09-22 22:37:07][WARNING] 
################################
 There is a problem with your BlueMap setup!
 Failed to load map 'world'!
 
 Failed to parse marker-sets.Make sure your marker-configuration for this map is valid.
################################
[2025-09-22 22:37:07][SEVERE] Detailed error:
de.bluecolored.bluemap.common.config.ConfigurationException: de.bluecolored.bluemap.common.config.ConfigurationException: com.google.gson.JsonSyntaxException: java.lang.IllegalStateException: Expected BEGIN_OBJECT but was BEGIN_ARRAY at path $.position
	at bluemap-5.11-paper (1).jar//de.bluecolored.bluemap.common.BlueMapService.loadMap(BlueMapService.java:244)
	at bluemap-5.11-paper (1).jar//de.bluecolored.bluemap.common.BlueMapService.getOrLoadMaps(BlueMapService.java:154)
	at bluemap-5.11-paper (1).jar//de.bluecolored.bluemap.common.BlueMapService.getOrLoadMaps(BlueMapService.java:137)
	at bluemap-5.11-paper (1).jar//de.bluecolored.bluemap.common.plugin.Plugin.load(Plugin.java:189)
	at bluemap-5.11-paper (1).jar//de.bluecolored.bluemap.common.plugin.Plugin.load(Plugin.java:115)
	at bluemap-5.11-paper (1).jar//de.bluecolored.bluemap.bukkit.BukkitPlugin.lambda$onEnable$1(BukkitPlugin.java:133)
	at java.base/java.lang.Thread.run(Thread.java:1583)
Caused by: de.bluecolored.bluemap.common.config.ConfigurationException: com.google.gson.JsonSyntaxException: java.lang.IllegalStateException: Expected BEGIN_OBJECT but was BEGIN_ARRAY at path $.position
	at bluemap-5.11-paper (1).jar//de.bluecolored.bluemap.common.config.MapConfig.parseMarkerSets(MapConfig.java:119)
	at bluemap-5.11-paper (1).jar//de.bluecolored.bluemap.common.BlueMapService.loadMap(BlueMapService.java:241)
	... 6 more
Caused by: com.google.gson.JsonSyntaxException: java.lang.IllegalStateException: Expected BEGIN_OBJECT but was BEGIN_ARRAY at path $.position
	at com.google.gson.internal.bind.ReflectiveTypeAdapterFactory$Adapter.read(ReflectiveTypeAdapterFactory.java:520)
	at com.google.gson.Gson.fromJson(Gson.java:1361)
	at com.google.gson.Gson.fromJson(Gson.java:1463)
	at com.google.gson.Gson.fromJson(Gson.java:1434)
	at com.google.gson.internal.bind.TreeTypeAdapter$GsonContextImpl.deserialize(TreeTypeAdapter.java:199)
	at bluemap-5.11-paper (1).jar//de.bluecolored.bluemap.api.gson.MarkerGson$MarkerDeserializer.deserialize(MarkerGson.java:84)
	at bluemap-5.11-paper (1).jar//de.bluecolored.bluemap.api.gson.MarkerGson$MarkerDeserializer.deserialize(MarkerGson.java:69)
	at com.google.gson.internal.bind.TreeTypeAdapter.read(TreeTypeAdapter.java:95)
	at com.google.gson.internal.bind.TreeTypeAdapter.read(TreeTypeAdapter.java:89)
	at com.google.gson.internal.bind.TypeAdapterRuntimeTypeWrapper.read(TypeAdapterRuntimeTypeWrapper.java:40)
	at com.google.gson.internal.bind.MapTypeAdapterFactory$Adapter.read(MapTypeAdapterFactory.java:200)
	at com.google.gson.internal.bind.MapTypeAdapterFactory$Adapter.read(MapTypeAdapterFactory.java:154)
	at com.google.gson.internal.bind.ReflectiveTypeAdapterFactory$2.readIntoField(ReflectiveTypeAdapterFactory.java:267)
	at com.google.gson.internal.bind.ReflectiveTypeAdapterFactory$FieldReflectionAdapter.readField(ReflectiveTypeAdapterFactory.java:558)
	at com.google.gson.internal.bind.ReflectiveTypeAdapterFactory$Adapter.read(ReflectiveTypeAdapterFactory.java:516)
	at com.google.gson.internal.bind.TypeAdapterRuntimeTypeWrapper.read(TypeAdapterRuntimeTypeWrapper.java:40)
	at com.google.gson.internal.bind.MapTypeAdapterFactory$Adapter.read(MapTypeAdapterFactory.java:200)
	at com.google.gson.internal.bind.MapTypeAdapterFactory$Adapter.read(MapTypeAdapterFactory.java:154)
	at com.google.gson.Gson.fromJson(Gson.java:1361)
	at com.google.gson.Gson.fromJson(Gson.java:1262)
	at com.google.gson.Gson.fromJson(Gson.java:1171)
	at com.google.gson.Gson.fromJson(Gson.java:1137)
	at bluemap-5.11-paper (1).jar//de.bluecolored.bluemap.common.config.MapConfig.parseMarkerSets(MapConfig.java:117)
	... 7 more
Caused by: java.lang.IllegalStateException: Expected BEGIN_OBJECT but was BEGIN_ARRAY at path $.position
	at com.google.gson.internal.bind.JsonTreeReader.expect(JsonTreeReader.java:179)
	at com.google.gson.internal.bind.JsonTreeReader.beginObject(JsonTreeReader.java:96)
	at bluemap-5.11-paper (1).jar//de.bluecolored.bluemap.api.gson.MarkerGson$Vector3dAdapter.read(MarkerGson.java:298)
	at bluemap-5.11-paper (1).jar//de.bluecolored.bluemap.api.gson.MarkerGson$Vector3dAdapter.read(MarkerGson.java:275)
	at com.google.gson.internal.bind.ReflectiveTypeAdapterFactory$2.readIntoField(ReflectiveTypeAdapterFactory.java:267)
	at com.google.gson.internal.bind.ReflectiveTypeAdapterFactory$FieldReflectionAdapter.readField(ReflectiveTypeAdapterFactory.java:558)
	at com.google.gson.internal.bind.ReflectiveTypeAdapterFactory$Adapter.read(ReflectiveTypeAdapterFactory.java:516)
	... 29 more

[2025-09-22 22:37:07][FINE] Loading world world_nether#minecraft:the_nether ...
[2025-09-22 22:37:07][FINE] Loading datapack...
[2025-09-22 22:37:07][FINE] Loading datapack from: bluemap/resourceExtensions.zip ...
[2025-09-22 22:37:07][FINE] Loading datapack from: bluemap/minecraft-client-1.21.8.jar ...
[2025-09-22 22:37:07][FINE] Baking datapack...
[2025-09-22 22:37:07][FINE] Datapack loaded.
[2025-09-22 22:37:07][INFO] Loading map 'world_nether'...
[2025-09-22 22:37:07][FINE] Loading render-state for map 'world_nether'
[2025-09-22 22:37:07][FINE] Loading textures for map 'world_nether'
[2025-09-22 22:37:07][WARNING] 
################################
 There is a problem with your BlueMap setup!
 Failed to load map 'world_nether'!
 
 Failed to parse marker-sets.Make sure your marker-configuration for this map is valid.
################################
[2025-09-22 22:37:07][SEVERE] Detailed error:
de.bluecolored.bluemap.common.config.ConfigurationException: de.bluecolored.bluemap.common.config.ConfigurationException: com.google.gson.JsonSyntaxException: java.lang.IllegalStateException: Expected BEGIN_OBJECT but was BEGIN_ARRAY at path $.position
	at bluemap-5.11-paper (1).jar//de.bluecolored.bluemap.common.BlueMapService.loadMap(BlueMapService.java:244)
	at bluemap-5.11-paper (1).jar//de.bluecolored.bluemap.common.BlueMapService.getOrLoadMaps(BlueMapService.java:154)
	at bluemap-5.11-paper (1).jar//de.bluecolored.bluemap.common.BlueMapService.getOrLoadMaps(BlueMapService.java:137)
	at bluemap-5.11-paper (1).jar//de.bluecolored.bluemap.common.plugin.Plugin.load(Plugin.java:189)
	at bluemap-5.11-paper (1).jar//de.bluecolored.bluemap.common.plugin.Plugin.load(Plugin.java:115)
	at bluemap-5.11-paper (1).jar//de.bluecolored.bluemap.bukkit.BukkitPlugin.lambda$onEnable$1(BukkitPlugin.java:133)
	at java.base/java.lang.Thread.run(Thread.java:1583)
Caused by: de.bluecolored.bluemap.common.config.ConfigurationException: com.google.gson.JsonSyntaxException: java.lang.IllegalStateException: Expected BEGIN_OBJECT but was BEGIN_ARRAY at path $.position
	at bluemap-5.11-paper (1).jar//de.bluecolored.bluemap.common.config.MapConfig.parseMarkerSets(MapConfig.java:119)
	at bluemap-5.11-paper (1).jar//de.bluecolored.bluemap.common.BlueMapService.loadMap(BlueMapService.java:241)
	... 6 more
Caused by: com.google.gson.JsonSyntaxException: java.lang.IllegalStateException: Expected BEGIN_OBJECT but was BEGIN_ARRAY at path $.position
	at com.google.gson.internal.bind.ReflectiveTypeAdapterFactory$Adapter.read(ReflectiveTypeAdapterFactory.java:520)
	at com.google.gson.Gson.fromJson(Gson.java:1361)
	at com.google.gson.Gson.fromJson(Gson.java:1463)
	at com.google.gson.Gson.fromJson(Gson.java:1434)
	at com.google.gson.internal.bind.TreeTypeAdapter$GsonContextImpl.deserialize(TreeTypeAdapter.java:199)
	at bluemap-5.11-paper (1).jar//de.bluecolored.bluemap.api.gson.MarkerGson$MarkerDeserializer.deserialize(MarkerGson.java:84)
	at bluemap-5.11-paper (1).jar//de.bluecolored.bluemap.api.gson.MarkerGson$MarkerDeserializer.deserialize(MarkerGson.java:69)
	at com.google.gson.internal.bind.TreeTypeAdapter.read(TreeTypeAdapter.java:95)
	at com.google.gson.internal.bind.TreeTypeAdapter.read(TreeTypeAdapter.java:89)
	at com.google.gson.internal.bind.TypeAdapterRuntimeTypeWrapper.read(TypeAdapterRuntimeTypeWrapper.java:40)
	at com.google.gson.internal.bind.MapTypeAdapterFactory$Adapter.read(MapTypeAdapterFactory.java:200)
	at com.google.gson.internal.bind.MapTypeAdapterFactory$Adapter.read(MapTypeAdapterFactory.java:154)
	at com.google.gson.internal.bind.ReflectiveTypeAdapterFactory$2.readIntoField(ReflectiveTypeAdapterFactory.java:267)
	at com.google.gson.internal.bind.ReflectiveTypeAdapterFactory$FieldReflectionAdapter.readField(ReflectiveTypeAdapterFactory.java:558)
	at com.google.gson.internal.bind.ReflectiveTypeAdapterFactory$Adapter.read(ReflectiveTypeAdapterFactory.java:516)
	at com.google.gson.internal.bind.TypeAdapterRuntimeTypeWrapper.read(TypeAdapterRuntimeTypeWrapper.java:40)
	at com.google.gson.internal.bind.MapTypeAdapterFactory$Adapter.read(MapTypeAdapterFactory.java:200)
	at com.google.gson.internal.bind.MapTypeAdapterFactory$Adapter.read(MapTypeAdapterFactory.java:154)
	at com.google.gson.Gson.fromJson(Gson.java:1361)
	at com.google.gson.Gson.fromJson(Gson.java:1262)
	at com.google.gson.Gson.fromJson(Gson.java:1171)
	at com.google.gson.Gson.fromJson(Gson.java:1137)
	at bluemap-5.11-paper (1).jar//de.bluecolored.bluemap.common.config.MapConfig.parseMarkerSets(MapConfig.java:117)
	... 7 more
Caused by: java.lang.IllegalStateException: Expected BEGIN_OBJECT but was BEGIN_ARRAY at path $.position
	at com.google.gson.internal.bind.JsonTreeReader.expect(JsonTreeReader.java:179)
	at com.google.gson.internal.bind.JsonTreeReader.beginObject(JsonTreeReader.java:96)
	at bluemap-5.11-paper (1).jar//de.bluecolored.bluemap.api.gson.MarkerGson$Vector3dAdapter.read(MarkerGson.java:298)
	at bluemap-5.11-paper (1).jar//de.bluecolored.bluemap.api.gson.MarkerGson$Vector3dAdapter.read(MarkerGson.java:275)
	at com.google.gson.internal.bind.ReflectiveTypeAdapterFactory$2.readIntoField(ReflectiveTypeAdapterFactory.java:267)
	at com.google.gson.internal.bind.ReflectiveTypeAdapterFactory$FieldReflectionAdapter.readField(ReflectiveTypeAdapterFactory.java:558)
	at com.google.gson.internal.bind.ReflectiveTypeAdapterFactory$Adapter.read(ReflectiveTypeAdapterFactory.java:516)
	... 29 more

[2025-09-22 22:37:08][INFO] WebServer bound to all network interfaces on port 8100
[2025-09-22 22:37:08][INFO] WebServer started.
[2025-09-22 22:37:08][FINE] Started watching map 'world_the_end' for updates...
[2025-09-22 22:37:08][FINE] Started watching map 'void' for updates...
[2025-09-22 22:37:08][FINE] Started watching map 'world' for updates...
[2025-09-22 22:37:08][FINE] Started watching map 'world_nether' for updates...
[2025-09-22 22:37:08][INFO] Loaded!
[2025-09-22 22:37:44][FINE] Failed to load skin from mojang for player: '024fdfad-d078-3149-8896-20d579490a75' - java.io.IOException: java.lang.IllegalStateException: Not a JSON Object: null
[2025-09-22 22:37:44][FINE] No player-skin provided for UUID: 024fdfad-d078-3149-8896-20d579490a75
[2025-09-22 22:38:07][FINE] Scheduled update for region-file: (18, -7) (Map: world)
[2025-09-22 22:38:07][FINE] Scheduled update for region-file: (18, -8) (Map: world)
[2025-09-22 22:38:42][FINE] Scheduled update for region-file: (18, -7) (Map: world)
[2025-09-22 22:38:42][FINE] Scheduled update for region-file: (18, -8) (Map: world)
[2025-09-22 22:38:54][FINE] Scheduled update for region-file: (18, -9) (Map: world)
[2025-09-22 22:38:54][FINE] Scheduled update for region-file: (17, -9) (Map: world)
[2025-09-22 22:38:57][FINE] Scheduled update for region-file: (18, -8) (Map: world)
[2025-09-22 22:38:57][FINE] Scheduled update for region-file: (18, -7) (Map: world)
[2025-09-22 22:39:04][FINE] Scheduled update for region-file: (18, -9) (Map: world)
[2025-09-22 22:39:04][FINE] Scheduled update for region-file: (17, -9) (Map: world)
[2025-09-22 22:39:09][FINE] Scheduled update for region-file: (18, -8) (Map: world)
[2025-09-22 22:39:09][FINE] Scheduled update for region-file: (18, -7) (Map: world)
[2025-09-22 22:39:33][FINE] Scheduled update for region-file: (18, -9) (Map: world)
[2025-09-22 22:39:33][FINE] Scheduled update for region-file: (17, -9) (Map: world)
[2025-09-22 22:39:33][FINE] Scheduled update for region-file: (17, -8) (Map: world)
[2025-09-22 22:39:33][FINE] Scheduled update for region-file: (17, -7) (Map: world)
[2025-09-22 22:39:46][FINE] Scheduled update for region-file: (17, -8) (Map: world)
[2025-09-22 22:39:49][FINE] Scheduled update for region-file: (17, -7) (Map: world)
[2025-09-22 22:39:57][FINE] Scheduled update for region-file: (18, -8) (Map: world)
[2025-09-22 22:39:57][FINE] Scheduled update for region-file: (18, -7) (Map: world)
[2025-09-22 22:39:58][FINE] Scheduled update for region-file: (17, -7) (Map: world)
[2025-09-22 22:39:58][FINE] Scheduled update for region-file: (17, -8) (Map: world)
[2025-09-22 22:41:34][FINE] Scheduled update for region-file: (10, 15) (Map: world)
[2025-09-22 22:41:34][FINE] Scheduled update for region-file: (11, 15) (Map: world)
[2025-09-22 22:41:35][FINE] Scheduled update for region-file: (10, 14) (Map: world)
[2025-09-22 22:41:35][FINE] Scheduled update for region-file: (11, 14) (Map: world)
[2025-09-22 22:41:35][FINE] Scheduled update for region-file: (10, 13) (Map: world)
[2025-09-22 22:41:35][FINE] Scheduled update for region-file: (11, 13) (Map: world)
[2025-09-22 22:42:26][FINE] Scheduled update for region-file: (0, 0) (Map: world)
