[12:06:22] java.lang.IllegalStateException: New prioritized state doesn't logically match the requested state: CraftPlayer{name=.Sthilaireed1, uuid=00000000-0000-0000-0009-01f7e78fec83} from: (wasNull=true) SHOW -> HIDE (SHOW) a(state=SHOW, states=NamespacedMap(
  (1)Kingdoms:VISUAL_MANAGER => VisibilitySpecifier(state=HIDE, priority=20000)

  (1)Kingdoms:DISTANCED => VisibilitySpecifier(state=SHOW, priority=30000)
))
	at KingdomsX-1.17.21-BETA.jar//org.kingdoms.utils.display.visualizer.visibility.StatefulVisibilityStrategy.a(StatefulVisibilityStrategy.java:176)
	at KingdomsX-1.17.21-BETA.jar//org.kingdoms.utils.display.visualizer.visibility.StatefulVisibilityStrategy.showTo(StatefulVisibilityStrategy.java:272)
	at KingdomsX-1.17.21-BETA.jar//org.kingdoms.utils.display.visualizer.visibility.DistancedVisibilityStrategy$a.onGettingClose$core(VisibilityStrategies.kt:37)
	at KingdomsX-1.17.21-BETA.jar//org.kingdoms.managers.land.distance.PlayerDistanceListener.checkActions$core(PlayerDistanceListener.kt:73)
	at KingdomsX-1.17.21-BETA.jar//org.kingdoms.managers.land.distance.DistanceManager$Companion.a(DistanceManager.kt:128)
	at KingdomsX-1.17.21-BETA.jar//org.kingdoms.managers.land.distance.DistanceManager$Companion.b(DistanceManager.kt:113)
	at KingdomsX-1.17.21-BETA.jar//org.kingdoms.scheduler.TaskScheduler.execute(TaskScheduler.java:31)
	at KingdomsX-1.17.21-BETA.jar//org.kingdoms.managers.land.distance.DistanceManager$Companion.checkActions(DistanceManager.kt:113)
	at KingdomsX-1.17.21-BETA.jar//org.kingdoms.managers.land.distance.DistanceManager$Companion.checkActions(DistanceManager.kt:107)
	at KingdomsX-1.17.21-BETA.jar//org.kingdoms.managers.land.distance.DistanceManager.onJoin(DistanceManager.kt:78)
	at co.aikar.timings.TimedEventExecutor.execute(TimedEventExecutor.java:80)
	at org.bukkit.plugin.RegisteredListener.callEvent(RegisteredListener.java:71)
	at io.papermc.paper.plugin.manager.PaperEventManager.callEvent(PaperEventManager.java:54)
	at io.papermc.paper.plugin.manager.PaperPluginManagerImpl.callEvent(PaperPluginManagerImpl.java:131)
	at org.bukkit.plugin.SimplePluginManager.callEvent(SimplePluginManager.java:628)
	at net.minecraft.server.players.PlayerList.placeNewPlayer(PlayerList.java:332)
	at net.minecraft.server.network.ServerConfigurationPacketListenerImpl.handleConfigurationFinished(ServerConfigurationPacketListenerImpl.java:185)
	at net.minecraft.network.protocol.configuration.ServerboundFinishConfigurationPacket.handle(ServerboundFinishConfigurationPacket.java:22)
	at net.minecraft.network.protocol.configuration.ServerboundFinishConfigurationPacket.handle(ServerboundFinishConfigurationPacket.java:8)
	at net.minecraft.network.protocol.PacketUtils.lambda$ensureRunningOnSameThread$0(PacketUtils.java:29)
	at net.minecraft.server.TickTask.run(TickTask.java:18)
	at net.minecraft.util.thread.BlockableEventLoop.doRunTask(BlockableEventLoop.java:155)
	at net.minecraft.util.thread.ReentrantBlockableEventLoop.doRunTask(ReentrantBlockableEventLoop.java:24)
	at net.minecraft.server.MinecraftServer.doRunTask(MinecraftServer.java:1449)
	at net.minecraft.server.MinecraftServer.doRunTask(MinecraftServer.java:176)
	at net.minecraft.util.thread.BlockableEventLoop.pollTask(BlockableEventLoop.java:129)
	at net.minecraft.server.MinecraftServer.pollTaskInternal(MinecraftServer.java:1429)
	at net.minecraft.server.MinecraftServer.pollTask(MinecraftServer.java:1423)
	at net.minecraft.util.thread.BlockableEventLoop.managedBlock(BlockableEventLoop.java:139)
	at net.minecraft.server.MinecraftServer.managedBlock(MinecraftServer.java:1380)
	at net.minecraft.server.MinecraftServer.waitUntilNextTick(MinecraftServer.java:1388)
	at net.minecraft.server.MinecraftServer.runServer(MinecraftServer.java:1265)
	at net.minecraft.server.MinecraftServer.lambda$spin$2(MinecraftServer.java:310)
	at java.base/java.lang.Thread.run(Thread.java:1583)
----------------------------------------------------------
[12:06:22] java.lang.IllegalStateException: New prioritized state doesn't logically match the requested state: CraftPlayer{name=.Sthilaireed1, uuid=00000000-0000-0000-0009-01f7e78fec83} from: (wasNull=false) SHOW -> HIDE (SHOW) a(state=SHOW, states=NamespacedMap(
  (1)Kingdoms:VISUAL_MANAGER => VisibilitySpecifier(state=HIDE, priority=20000)

  (1)Kingdoms:DISTANCED => VisibilitySpecifier(state=SHOW, priority=30000)
))
	at KingdomsX-1.17.21-BETA.jar//org.kingdoms.utils.display.visualizer.visibility.StatefulVisibilityStrategy.a(StatefulVisibilityStrategy.java:176)
	at KingdomsX-1.17.21-BETA.jar//org.kingdoms.utils.display.visualizer.visibility.StatefulVisibilityStrategy.showTo(StatefulVisibilityStrategy.java:272)
	at KingdomsX-1.17.21-BETA.jar//org.kingdoms.utils.display.visualizer.visibility.DistancedVisibilityStrategy$a.onGettingClose$core(VisibilityStrategies.kt:37)
	at KingdomsX-1.17.21-BETA.jar//org.kingdoms.managers.land.distance.PlayerDistanceListener.checkActions$core(PlayerDistanceListener.kt:73)
	at KingdomsX-1.17.21-BETA.jar//org.kingdoms.managers.land.distance.DistanceManager$Companion.a(DistanceManager.kt:128)
	at KingdomsX-1.17.21-BETA.jar//org.kingdoms.managers.land.distance.DistanceManager$Companion.b(DistanceManager.kt:113)
	at KingdomsX-1.17.21-BETA.jar//org.kingdoms.scheduler.TaskScheduler.execute(TaskScheduler.java:31)
	at KingdomsX-1.17.21-BETA.jar//org.kingdoms.managers.land.distance.DistanceManager$Companion.checkActions(DistanceManager.kt:113)
	at KingdomsX-1.17.21-BETA.jar//org.kingdoms.managers.land.distance.DistanceManager.onTp(DistanceManager.kt:65)
	at co.aikar.timings.TimedEventExecutor.execute(TimedEventExecutor.java:80)
	at org.bukkit.plugin.RegisteredListener.callEvent(RegisteredListener.java:71)
	at io.papermc.paper.plugin.manager.PaperEventManager.callEvent(PaperEventManager.java:54)
	at io.papermc.paper.plugin.manager.PaperPluginManagerImpl.callEvent(PaperPluginManagerImpl.java:131)
	at org.bukkit.plugin.SimplePluginManager.callEvent(SimplePluginManager.java:628)
	at org.bukkit.craftbukkit.entity.CraftPlayer.teleport(CraftPlayer.java:1518)
	at org.bukkit.craftbukkit.entity.CraftEntity.lambda$teleportAsync$4(CraftEntity.java:1132)
	at net.minecraft.server.TickTask.run(TickTask.java:18)
	at net.minecraft.util.thread.BlockableEventLoop.doRunTask(BlockableEventLoop.java:155)
	at net.minecraft.util.thread.ReentrantBlockableEventLoop.doRunTask(ReentrantBlockableEventLoop.java:24)
	at net.minecraft.server.MinecraftServer.doRunTask(MinecraftServer.java:1449)
	at net.minecraft.server.MinecraftServer.doRunTask(MinecraftServer.java:176)
	at net.minecraft.util.thread.BlockableEventLoop.pollTask(BlockableEventLoop.java:129)
	at net.minecraft.server.MinecraftServer.pollTaskInternal(MinecraftServer.java:1429)
	at net.minecraft.server.MinecraftServer.pollTask(MinecraftServer.java:1423)
	at net.minecraft.util.thread.BlockableEventLoop.runAllTasks(BlockableEventLoop.java:118)
	at net.minecraft.server.MinecraftServer.waitUntilNextTick(MinecraftServer.java:1384)
	at net.minecraft.server.MinecraftServer.runServer(MinecraftServer.java:1265)
	at net.minecraft.server.MinecraftServer.lambda$spin$2(MinecraftServer.java:310)
	at java.base/java.lang.Thread.run(Thread.java:1583)
----------------------------------------------------------
[12:06:22] java.lang.IllegalStateException: New prioritized state doesn't logically match the requested state: CraftPlayer{name=.Sthilaireed1, uuid=00000000-0000-0000-0009-01f7e78fec83} from: (wasNull=false) SHOW -> HIDE (SHOW) a(state=SHOW, states=NamespacedMap(
  (1)Kingdoms:VISUAL_MANAGER => VisibilitySpecifier(state=HIDE, priority=20000)

  (1)Kingdoms:DISTANCED => VisibilitySpecifier(state=SHOW, priority=30000)
))
	at KingdomsX-1.17.21-BETA.jar//org.kingdoms.utils.display.visualizer.visibility.StatefulVisibilityStrategy.a(StatefulVisibilityStrategy.java:176)
	at KingdomsX-1.17.21-BETA.jar//org.kingdoms.utils.display.visualizer.visibility.StatefulVisibilityStrategy.showTo(StatefulVisibilityStrategy.java:272)
	at KingdomsX-1.17.21-BETA.jar//org.kingdoms.utils.display.visualizer.visibility.DistancedVisibilityStrategy$a.onGettingClose$core(VisibilityStrategies.kt:37)
	at KingdomsX-1.17.21-BETA.jar//org.kingdoms.managers.land.distance.PlayerDistanceListener.checkActions$core(PlayerDistanceListener.kt:73)
	at KingdomsX-1.17.21-BETA.jar//org.kingdoms.managers.land.distance.DistanceManager$Companion.a(DistanceManager.kt:128)
	at KingdomsX-1.17.21-BETA.jar//org.kingdoms.managers.land.distance.DistanceManager$Companion.b(DistanceManager.kt:113)
	at KingdomsX-1.17.21-BETA.jar//org.kingdoms.scheduler.TaskScheduler.execute(TaskScheduler.java:31)
	at KingdomsX-1.17.21-BETA.jar//org.kingdoms.managers.land.distance.DistanceManager$Companion.checkActions(DistanceManager.kt:113)
	at KingdomsX-1.17.21-BETA.jar//org.kingdoms.managers.land.distance.DistanceManager$Companion.checkActions(DistanceManager.kt:107)
	at KingdomsX-1.17.21-BETA.jar//org.kingdoms.managers.land.distance.DistanceManager.onWorldChange(DistanceManager.kt:73)
	at co.aikar.timings.TimedEventExecutor.execute(TimedEventExecutor.java:80)
	at org.bukkit.plugin.RegisteredListener.callEvent(RegisteredListener.java:71)
	at io.papermc.paper.plugin.manager.PaperEventManager.callEvent(PaperEventManager.java:54)
	at io.papermc.paper.plugin.manager.PaperPluginManagerImpl.callEvent(PaperPluginManagerImpl.java:131)
	at org.bukkit.plugin.SimplePluginManager.callEvent(SimplePluginManager.java:628)
	at net.minecraft.server.players.PlayerList.respawn(PlayerList.java:808)
	at org.bukkit.craftbukkit.entity.CraftPlayer.teleport(CraftPlayer.java:1562)
	at org.bukkit.craftbukkit.entity.CraftEntity.lambda$teleportAsync$4(CraftEntity.java:1132)
	at net.minecraft.server.TickTask.run(TickTask.java:18)
	at net.minecraft.util.thread.BlockableEventLoop.doRunTask(BlockableEventLoop.java:155)
	at net.minecraft.util.thread.ReentrantBlockableEventLoop.doRunTask(ReentrantBlockableEventLoop.java:24)
	at net.minecraft.server.MinecraftServer.doRunTask(MinecraftServer.java:1449)
	at net.minecraft.server.MinecraftServer.doRunTask(MinecraftServer.java:176)
	at net.minecraft.util.thread.BlockableEventLoop.pollTask(BlockableEventLoop.java:129)
	at net.minecraft.server.MinecraftServer.pollTaskInternal(MinecraftServer.java:1429)
	at net.minecraft.server.MinecraftServer.pollTask(MinecraftServer.java:1423)
	at net.minecraft.util.thread.BlockableEventLoop.runAllTasks(BlockableEventLoop.java:118)
	at net.minecraft.server.MinecraftServer.waitUntilNextTick(MinecraftServer.java:1384)
	at net.minecraft.server.MinecraftServer.runServer(MinecraftServer.java:1265)
	at net.minecraft.server.MinecraftServer.lambda$spin$2(MinecraftServer.java:310)
	at java.base/java.lang.Thread.run(Thread.java:1583)
----------------------------------------------------------
