

[09:51:32] Starting daily checks services...
[09:51:32] Timezone: Etc/UTC
[09:51:32] Cycle time: 12:00
[09:51:32] Last perform: null
[09:51:32] [ProlongedTask/daily checks] Triggered reminder. Next: 1 day(s), 06:51:32
[09:54:27] edsthilaire121 has joined HELLO kingdom.
[09:54:27] A kingdom named HELLO has been created for edsthilaire121
[09:54:34] edsthilaire121 has changed their kingdom HELLO pacifism state: false
[09:54:59] HELLO has been disbanded for SELF
[09:55:03] edsthilaire121 has joined HELLO kingdom.
[09:55:03] A kingdom named HELLO has been created for edsthilaire121
[09:55:06] edsthilaire121 has changed their kingdom HELLO pacifism state: false
[10:10:09] Plugin disabled


[10:11:16] Starting daily checks services...
[10:11:16] Timezone: Etc/UTC
[10:11:16] Cycle time: 12:00
[10:11:16] Last perform: null
[10:11:16] [ProlongedTask/daily checks] Triggered reminder. Next: 1 day(s), 07:11:16
[10:25:11] Plugin disabled


[10:26:10] Starting daily checks services...
[10:26:10] Timezone: Etc/UTC
[10:26:10] Cycle time: 12:00
[10:26:10] Last perform: null
[10:26:10] [ProlongedTask/daily checks] Triggered reminder. Next: 1 day(s), 07:26:10
[10:36:58] java.lang.NullPointerException: Cannot invoke "org.dynmap.markers.MarkerSet.findAreaMarker(String)" because "markerSet" is null
	at Kingdoms-Addon-Map Viewers-3.1.0.2.jar//org.kingdoms.services.maps.dynmap.ServiceDynmap.createLandMarkers(ServiceDynmap.java:140)
	at Kingdoms-Addon-Map Viewers-3.1.0.2.jar//org.kingdoms.services.maps.MapLandManager.createAreas(MapLandManager.java:89)
	at Kingdoms-Addon-Map Viewers-3.1.0.2.jar//org.kingdoms.services.maps.MapLandManager.createAreasFromWorlds(MapLandManager.java:54)
	at Kingdoms-Addon-Map Viewers-3.1.0.2.jar//org.kingdoms.services.maps.MapServiceProvider.updateLands(MapServiceProvider.java:99)
	at Kingdoms-Addon-Map Viewers-3.1.0.2.jar//org.kingdoms.services.maps.ServiceMap.updateLands(ServiceMap.java:310)
	at Kingdoms-Addon-Map Viewers-3.1.0.2.jar//org.kingdoms.services.maps.ServiceMap.lambda$loadMarkersSettings$3(ServiceMap.java:113)
	at Kingdoms-Addon-Map Viewers-3.1.0.2.jar//org.kingdoms.services.maps.abstraction.markersets.MarkerListenerType$Kingdoms.onUpdate(MarkerListenerType.java:38)
	at Kingdoms-Addon-Map Viewers-3.1.0.2.jar//org.kingdoms.services.maps.ServiceMap.updateLands(ServiceMap.java:203)
	at Kingdoms-Addon-Map Viewers-3.1.0.2.jar//org.kingdoms.services.maps.MapEventHandlers.lambda$updateKingdomLands$0(MapEventHandlers.java:72)
	at KingdomsX-1.17.20-BETA.jar//org.kingdoms.scheduler.TaskScheduler.delayed(TaskScheduler.java:36)
	at Kingdoms-Addon-Map Viewers-3.1.0.2.jar//org.kingdoms.services.maps.MapEventHandlers.updateKingdomLands(MapEventHandlers.java:72)
	at Kingdoms-Addon-Map Viewers-3.1.0.2.jar//org.kingdoms.services.maps.MapEventHandlers.onClaim(MapEventHandlers.java:56)
	at co.aikar.timings.TimedEventExecutor.execute(TimedEventExecutor.java:80)
	at org.bukkit.plugin.RegisteredListener.callEvent(RegisteredListener.java:71)
	at io.papermc.paper.plugin.manager.PaperEventManager.callEvent(PaperEventManager.java:54)
	at io.papermc.paper.plugin.manager.PaperPluginManagerImpl.callEvent(PaperPluginManagerImpl.java:131)
	at org.bukkit.plugin.SimplePluginManager.callEvent(SimplePluginManager.java:628)
	at KingdomsX-1.17.20-BETA.jar//org.kingdoms.constants.group.Kingdom.claim(Kingdom.java:430)
	at KingdomsX-1.17.20-BETA.jar//org.kingdoms.constants.group.Kingdom.claim(Kingdom.java:419)
	at KingdomsX-1.17.20-BETA.jar//org.kingdoms.commands.general.claims.claiming.CommandClaim.execute(CommandClaim.java:118)
	at KingdomsX-1.17.20-BETA.jar//org.kingdoms.commands.KingdomsCommandHandler.a(KingdomsCommandHandler.java:444)
	at KingdomsX-1.17.20-BETA.jar//org.kingdoms.commands.KingdomsCommandHandler.a(KingdomsCommandHandler.java:401)
	at KingdomsX-1.17.20-BETA.jar//org.kingdoms.commands.KingdomsCommandHandler.handle(KingdomsCommandHandler.java:391)
	at KingdomsX-1.17.20-BETA.jar//org.kingdoms.commands.KingdomsCommandHandler.onCommand(KingdomsCommandHandler.java:470)
	at org.bukkit.command.PluginCommand.execute(PluginCommand.java:45)
	at io.papermc.paper.command.brigadier.bukkit.BukkitCommandNode$BukkitBrigCommand.run(BukkitCommandNode.java:83)
	at com.mojang.brigadier.context.ContextChain.runExecutable(ContextChain.java:73)
	at net.minecraft.commands.execution.tasks.ExecuteCommand.execute(ExecuteCommand.java:30)
	at net.minecraft.commands.execution.tasks.ExecuteCommand.execute(ExecuteCommand.java:13)
	at net.minecraft.commands.execution.UnboundEntryAction.lambda$bind$0(UnboundEntryAction.java:8)
	at net.minecraft.commands.execution.CommandQueueEntry.execute(CommandQueueEntry.java:5)
	at net.minecraft.commands.execution.ExecutionContext.runCommandQueue(ExecutionContext.java:105)
	at net.minecraft.commands.Commands.executeCommandInContext(Commands.java:451)
	at net.minecraft.commands.Commands.performCommand(Commands.java:357)
	at org.bukkit.craftbukkit.CraftServer.dispatchCommand(CraftServer.java:995)
	at org.bukkit.Bukkit.dispatchCommand(Bukkit.java:1116)
	at KingdomsX-1.17.20-BETA.jar//org.kingdoms.utils.commands.ConfigCommand.a(ConfigCommand.java:120)
	at KingdomsX-1.17.20-BETA.jar//org.kingdoms.utils.commands.ConfigCommand.execute(ConfigCommand.java:84)
	at KingdomsX-1.17.20-BETA.jar//org.kingdoms.utils.string.Strings.performCommands(Strings.java:1147)
	at KingdomsX-1.17.20-BETA.jar//org.kingdoms.managers.land.map.KingdomsMap.b(KingdomsMap.java:310)
	at KingdomsX-1.17.20-BETA.jar//org.kingdoms.gui.InteractiveGUIManager.onClick(InteractiveGUIManager.java:234)
	at co.aikar.timings.TimedEventExecutor.execute(TimedEventExecutor.java:80)
	at org.bukkit.plugin.RegisteredListener.callEvent(RegisteredListener.java:71)
	at io.papermc.paper.plugin.manager.PaperEventManager.callEvent(PaperEventManager.java:54)
	at io.papermc.paper.plugin.manager.PaperPluginManagerImpl.callEvent(PaperPluginManagerImpl.java:131)
	at org.bukkit.plugin.SimplePluginManager.callEvent(SimplePluginManager.java:628)
	at net.minecraft.server.network.ServerGamePacketListenerImpl.handleContainerClick(ServerGamePacketListenerImpl.java:3207)
	at net.minecraft.network.protocol.game.ServerboundContainerClickPacket.handle(ServerboundContainerClickPacket.java:59)
	at net.minecraft.network.protocol.game.ServerboundContainerClickPacket.handle(ServerboundContainerClickPacket.java:14)
	at net.minecraft.network.protocol.PacketUtils.lambda$ensureRunningOnSameThread$0(PacketUtils.java:29)
	at net.minecraft.server.TickTask.run(TickTask.java:18)
	at net.minecraft.util.thread.BlockableEventLoop.doRunTask(BlockableEventLoop.java:155)
	at net.minecraft.util.thread.ReentrantBlockableEventLoop.doRunTask(ReentrantBlockableEventLoop.java:24)
	at net.minecraft.server.MinecraftServer.doRunTask(MinecraftServer.java:1449)
	at net.minecraft.server.MinecraftServer.doRunTask(MinecraftServer.java:176)
	at net.minecraft.util.thread.BlockableEventLoop.pollTask(BlockableEventLoop.java:129)
	at net.minecraft.server.MinecraftServer.pollTaskInternal(MinecraftServer.java:1429)
	at net.minecraft.server.MinecraftServer.pollTask(MinecraftServer.java:1423)
	at net.minecraft.util.thread.BlockableEventLoop.managedBlock(BlockableEventLoop.java:139)
	at net.minecraft.server.MinecraftServer.managedBlock(MinecraftServer.java:1380)
	at net.minecraft.server.MinecraftServer.waitUntilNextTick(MinecraftServer.java:1388)
	at net.minecraft.server.MinecraftServer.runServer(MinecraftServer.java:1265)
	at net.minecraft.server.MinecraftServer.lambda$spin$2(MinecraftServer.java:310)
	at java.base/java.lang.Thread.run(Thread.java:1583)
----------------------------------------------------------
[10:36:59] java.lang.NullPointerException: Cannot invoke "org.dynmap.markers.MarkerSet.findAreaMarker(String)" because "markerSet" is null
	at Kingdoms-Addon-Map Viewers-3.1.0.2.jar//org.kingdoms.services.maps.dynmap.ServiceDynmap.createLandMarkers(ServiceDynmap.java:140)
	at Kingdoms-Addon-Map Viewers-3.1.0.2.jar//org.kingdoms.services.maps.MapLandManager.createAreas(MapLandManager.java:89)
	at Kingdoms-Addon-Map Viewers-3.1.0.2.jar//org.kingdoms.services.maps.MapLandManager.createAreasFromWorlds(MapLandManager.java:54)
	at Kingdoms-Addon-Map Viewers-3.1.0.2.jar//org.kingdoms.services.maps.MapServiceProvider.updateLands(MapServiceProvider.java:99)
	at Kingdoms-Addon-Map Viewers-3.1.0.2.jar//org.kingdoms.services.maps.ServiceMap.updateLands(ServiceMap.java:310)
	at Kingdoms-Addon-Map Viewers-3.1.0.2.jar//org.kingdoms.services.maps.ServiceMap.lambda$loadMarkersSettings$3(ServiceMap.java:113)
	at Kingdoms-Addon-Map Viewers-3.1.0.2.jar//org.kingdoms.services.maps.abstraction.markersets.MarkerListenerType$Kingdoms.onUpdate(MarkerListenerType.java:38)
	at Kingdoms-Addon-Map Viewers-3.1.0.2.jar//org.kingdoms.services.maps.ServiceMap.updateLands(ServiceMap.java:203)
	at Kingdoms-Addon-Map Viewers-3.1.0.2.jar//org.kingdoms.services.maps.MapEventHandlers.lambda$updateKingdomLands$0(MapEventHandlers.java:72)
	at KingdomsX-1.17.20-BETA.jar//org.kingdoms.scheduler.TaskScheduler.delayed(TaskScheduler.java:36)
	at Kingdoms-Addon-Map Viewers-3.1.0.2.jar//org.kingdoms.services.maps.MapEventHandlers.updateKingdomLands(MapEventHandlers.java:72)
	at Kingdoms-Addon-Map Viewers-3.1.0.2.jar//org.kingdoms.services.maps.MapEventHandlers.onClaim(MapEventHandlers.java:56)
	at co.aikar.timings.TimedEventExecutor.execute(TimedEventExecutor.java:80)
	at org.bukkit.plugin.RegisteredListener.callEvent(RegisteredListener.java:71)
	at io.papermc.paper.plugin.manager.PaperEventManager.callEvent(PaperEventManager.java:54)
	at io.papermc.paper.plugin.manager.PaperPluginManagerImpl.callEvent(PaperPluginManagerImpl.java:131)
	at org.bukkit.plugin.SimplePluginManager.callEvent(SimplePluginManager.java:628)
	at KingdomsX-1.17.20-BETA.jar//org.kingdoms.constants.group.Kingdom.claim(Kingdom.java:430)
	at KingdomsX-1.17.20-BETA.jar//org.kingdoms.constants.group.Kingdom.claim(Kingdom.java:419)
	at KingdomsX-1.17.20-BETA.jar//org.kingdoms.commands.general.claims.claiming.CommandClaim.execute(CommandClaim.java:118)
	at KingdomsX-1.17.20-BETA.jar//org.kingdoms.commands.KingdomsCommandHandler.a(KingdomsCommandHandler.java:444)
	at KingdomsX-1.17.20-BETA.jar//org.kingdoms.commands.KingdomsCommandHandler.a(KingdomsCommandHandler.java:401)
	at KingdomsX-1.17.20-BETA.jar//org.kingdoms.commands.KingdomsCommandHandler.handle(KingdomsCommandHandler.java:391)
	at KingdomsX-1.17.20-BETA.jar//org.kingdoms.commands.KingdomsCommandHandler.onCommand(KingdomsCommandHandler.java:470)
	at org.bukkit.command.PluginCommand.execute(PluginCommand.java:45)
	at io.papermc.paper.command.brigadier.bukkit.BukkitCommandNode$BukkitBrigCommand.run(BukkitCommandNode.java:83)
	at com.mojang.brigadier.context.ContextChain.runExecutable(ContextChain.java:73)
	at net.minecraft.commands.execution.tasks.ExecuteCommand.execute(ExecuteCommand.java:30)
	at net.minecraft.commands.execution.tasks.ExecuteCommand.execute(ExecuteCommand.java:13)
	at net.minecraft.commands.execution.UnboundEntryAction.lambda$bind$0(UnboundEntryAction.java:8)
	at net.minecraft.commands.execution.CommandQueueEntry.execute(CommandQueueEntry.java:5)
	at net.minecraft.commands.execution.ExecutionContext.runCommandQueue(ExecutionContext.java:105)
	at net.minecraft.commands.Commands.executeCommandInContext(Commands.java:451)
	at net.minecraft.commands.Commands.performCommand(Commands.java:357)
	at org.bukkit.craftbukkit.CraftServer.dispatchCommand(CraftServer.java:995)
	at org.bukkit.Bukkit.dispatchCommand(Bukkit.java:1116)
	at KingdomsX-1.17.20-BETA.jar//org.kingdoms.utils.commands.ConfigCommand.a(ConfigCommand.java:120)
	at KingdomsX-1.17.20-BETA.jar//org.kingdoms.utils.commands.ConfigCommand.execute(ConfigCommand.java:84)
	at KingdomsX-1.17.20-BETA.jar//org.kingdoms.utils.string.Strings.performCommands(Strings.java:1147)
	at KingdomsX-1.17.20-BETA.jar//org.kingdoms.managers.land.map.KingdomsMap.b(KingdomsMap.java:310)
	at KingdomsX-1.17.20-BETA.jar//org.kingdoms.gui.InteractiveGUIManager.onClick(InteractiveGUIManager.java:234)
	at co.aikar.timings.TimedEventExecutor.execute(TimedEventExecutor.java:80)
	at org.bukkit.plugin.RegisteredListener.callEvent(RegisteredListener.java:71)
	at io.papermc.paper.plugin.manager.PaperEventManager.callEvent(PaperEventManager.java:54)
	at io.papermc.paper.plugin.manager.PaperPluginManagerImpl.callEvent(PaperPluginManagerImpl.java:131)
	at org.bukkit.plugin.SimplePluginManager.callEvent(SimplePluginManager.java:628)
	at net.minecraft.server.network.ServerGamePacketListenerImpl.handleContainerClick(ServerGamePacketListenerImpl.java:3207)
	at net.minecraft.network.protocol.game.ServerboundContainerClickPacket.handle(ServerboundContainerClickPacket.java:59)
	at net.minecraft.network.protocol.game.ServerboundContainerClickPacket.handle(ServerboundContainerClickPacket.java:14)
	at net.minecraft.network.protocol.PacketUtils.lambda$ensureRunningOnSameThread$0(PacketUtils.java:29)
	at net.minecraft.server.TickTask.run(TickTask.java:18)
	at net.minecraft.util.thread.BlockableEventLoop.doRunTask(BlockableEventLoop.java:155)
	at net.minecraft.util.thread.ReentrantBlockableEventLoop.doRunTask(ReentrantBlockableEventLoop.java:24)
	at net.minecraft.server.MinecraftServer.doRunTask(MinecraftServer.java:1449)
	at net.minecraft.server.MinecraftServer.doRunTask(MinecraftServer.java:176)
	at net.minecraft.util.thread.BlockableEventLoop.pollTask(BlockableEventLoop.java:129)
	at net.minecraft.server.MinecraftServer.pollTaskInternal(MinecraftServer.java:1429)
	at net.minecraft.server.MinecraftServer.pollTask(MinecraftServer.java:1423)
	at net.minecraft.util.thread.BlockableEventLoop.managedBlock(BlockableEventLoop.java:139)
	at net.minecraft.server.MinecraftServer.managedBlock(MinecraftServer.java:1380)
	at net.minecraft.server.MinecraftServer.waitUntilNextTick(MinecraftServer.java:1388)
	at net.minecraft.server.MinecraftServer.runServer(MinecraftServer.java:1265)
	at net.minecraft.server.MinecraftServer.lambda$spin$2(MinecraftServer.java:310)
	at java.base/java.lang.Thread.run(Thread.java:1583)
----------------------------------------------------------
[10:36:59] java.lang.NullPointerException: Cannot invoke "org.dynmap.markers.MarkerSet.findAreaMarker(String)" because "markerSet" is null
	at Kingdoms-Addon-Map Viewers-3.1.0.2.jar//org.kingdoms.services.maps.dynmap.ServiceDynmap.createLandMarkers(ServiceDynmap.java:140)
	at Kingdoms-Addon-Map Viewers-3.1.0.2.jar//org.kingdoms.services.maps.MapLandManager.createAreas(MapLandManager.java:89)
	at Kingdoms-Addon-Map Viewers-3.1.0.2.jar//org.kingdoms.services.maps.MapLandManager.createAreasFromWorlds(MapLandManager.java:54)
	at Kingdoms-Addon-Map Viewers-3.1.0.2.jar//org.kingdoms.services.maps.MapServiceProvider.updateLands(MapServiceProvider.java:99)
	at Kingdoms-Addon-Map Viewers-3.1.0.2.jar//org.kingdoms.services.maps.ServiceMap.updateLands(ServiceMap.java:310)
	at Kingdoms-Addon-Map Viewers-3.1.0.2.jar//org.kingdoms.services.maps.ServiceMap.lambda$loadMarkersSettings$3(ServiceMap.java:113)
	at Kingdoms-Addon-Map Viewers-3.1.0.2.jar//org.kingdoms.services.maps.abstraction.markersets.MarkerListenerType$Kingdoms.onUpdate(MarkerListenerType.java:38)
	at Kingdoms-Addon-Map Viewers-3.1.0.2.jar//org.kingdoms.services.maps.ServiceMap.updateLands(ServiceMap.java:203)
	at Kingdoms-Addon-Map Viewers-3.1.0.2.jar//org.kingdoms.services.maps.MapEventHandlers.lambda$updateKingdomLands$0(MapEventHandlers.java:72)
	at KingdomsX-1.17.20-BETA.jar//org.kingdoms.scheduler.TaskScheduler.delayed(TaskScheduler.java:36)
	at Kingdoms-Addon-Map Viewers-3.1.0.2.jar//org.kingdoms.services.maps.MapEventHandlers.updateKingdomLands(MapEventHandlers.java:72)
	at Kingdoms-Addon-Map Viewers-3.1.0.2.jar//org.kingdoms.services.maps.MapEventHandlers.onClaim(MapEventHandlers.java:56)
	at co.aikar.timings.TimedEventExecutor.execute(TimedEventExecutor.java:80)
	at org.bukkit.plugin.RegisteredListener.callEvent(RegisteredListener.java:71)
	at io.papermc.paper.plugin.manager.PaperEventManager.callEvent(PaperEventManager.java:54)
	at io.papermc.paper.plugin.manager.PaperPluginManagerImpl.callEvent(PaperPluginManagerImpl.java:131)
	at org.bukkit.plugin.SimplePluginManager.callEvent(SimplePluginManager.java:628)
	at KingdomsX-1.17.20-BETA.jar//org.kingdoms.constants.group.Kingdom.claim(Kingdom.java:430)
	at KingdomsX-1.17.20-BETA.jar//org.kingdoms.constants.group.Kingdom.claim(Kingdom.java:419)
	at KingdomsX-1.17.20-BETA.jar//org.kingdoms.commands.general.claims.claiming.CommandClaim.execute(CommandClaim.java:118)
	at KingdomsX-1.17.20-BETA.jar//org.kingdoms.commands.KingdomsCommandHandler.a(KingdomsCommandHandler.java:444)
	at KingdomsX-1.17.20-BETA.jar//org.kingdoms.commands.KingdomsCommandHandler.a(KingdomsCommandHandler.java:401)
	at KingdomsX-1.17.20-BETA.jar//org.kingdoms.commands.KingdomsCommandHandler.handle(KingdomsCommandHandler.java:391)
	at KingdomsX-1.17.20-BETA.jar//org.kingdoms.commands.KingdomsCommandHandler.onCommand(KingdomsCommandHandler.java:470)
	at org.bukkit.command.PluginCommand.execute(PluginCommand.java:45)
	at io.papermc.paper.command.brigadier.bukkit.BukkitCommandNode$BukkitBrigCommand.run(BukkitCommandNode.java:83)
	at com.mojang.brigadier.context.ContextChain.runExecutable(ContextChain.java:73)
	at net.minecraft.commands.execution.tasks.ExecuteCommand.execute(ExecuteCommand.java:30)
	at net.minecraft.commands.execution.tasks.ExecuteCommand.execute(ExecuteCommand.java:13)
	at net.minecraft.commands.execution.UnboundEntryAction.lambda$bind$0(UnboundEntryAction.java:8)
	at net.minecraft.commands.execution.CommandQueueEntry.execute(CommandQueueEntry.java:5)
	at net.minecraft.commands.execution.ExecutionContext.runCommandQueue(ExecutionContext.java:105)
	at net.minecraft.commands.Commands.executeCommandInContext(Commands.java:451)
	at net.minecraft.commands.Commands.performCommand(Commands.java:357)
	at org.bukkit.craftbukkit.CraftServer.dispatchCommand(CraftServer.java:995)
	at org.bukkit.Bukkit.dispatchCommand(Bukkit.java:1116)
	at KingdomsX-1.17.20-BETA.jar//org.kingdoms.utils.commands.ConfigCommand.a(ConfigCommand.java:120)
	at KingdomsX-1.17.20-BETA.jar//org.kingdoms.utils.commands.ConfigCommand.execute(ConfigCommand.java:84)
	at KingdomsX-1.17.20-BETA.jar//org.kingdoms.utils.string.Strings.performCommands(Strings.java:1147)
	at KingdomsX-1.17.20-BETA.jar//org.kingdoms.managers.land.map.KingdomsMap.b(KingdomsMap.java:310)
	at KingdomsX-1.17.20-BETA.jar//org.kingdoms.gui.InteractiveGUIManager.onClick(InteractiveGUIManager.java:234)
	at co.aikar.timings.TimedEventExecutor.execute(TimedEventExecutor.java:80)
	at org.bukkit.plugin.RegisteredListener.callEvent(RegisteredListener.java:71)
	at io.papermc.paper.plugin.manager.PaperEventManager.callEvent(PaperEventManager.java:54)
	at io.papermc.paper.plugin.manager.PaperPluginManagerImpl.callEvent(PaperPluginManagerImpl.java:131)
	at org.bukkit.plugin.SimplePluginManager.callEvent(SimplePluginManager.java:628)
	at net.minecraft.server.network.ServerGamePacketListenerImpl.handleContainerClick(ServerGamePacketListenerImpl.java:3207)
	at net.minecraft.network.protocol.game.ServerboundContainerClickPacket.handle(ServerboundContainerClickPacket.java:59)
	at net.minecraft.network.protocol.game.ServerboundContainerClickPacket.handle(ServerboundContainerClickPacket.java:14)
	at net.minecraft.network.protocol.PacketUtils.lambda$ensureRunningOnSameThread$0(PacketUtils.java:29)
	at net.minecraft.server.TickTask.run(TickTask.java:18)
	at net.minecraft.util.thread.BlockableEventLoop.doRunTask(BlockableEventLoop.java:155)
	at net.minecraft.util.thread.ReentrantBlockableEventLoop.doRunTask(ReentrantBlockableEventLoop.java:24)
	at net.minecraft.server.MinecraftServer.doRunTask(MinecraftServer.java:1449)
	at net.minecraft.server.MinecraftServer.doRunTask(MinecraftServer.java:176)
	at net.minecraft.util.thread.BlockableEventLoop.pollTask(BlockableEventLoop.java:129)
	at net.minecraft.server.MinecraftServer.pollTaskInternal(MinecraftServer.java:1429)
	at net.minecraft.server.MinecraftServer.pollTask(MinecraftServer.java:1423)
	at net.minecraft.util.thread.BlockableEventLoop.managedBlock(BlockableEventLoop.java:139)
	at net.minecraft.server.MinecraftServer.managedBlock(MinecraftServer.java:1380)
	at net.minecraft.server.MinecraftServer.waitUntilNextTick(MinecraftServer.java:1388)
	at net.minecraft.server.MinecraftServer.runServer(MinecraftServer.java:1265)
	at net.minecraft.server.MinecraftServer.lambda$spin$2(MinecraftServer.java:310)
	at java.base/java.lang.Thread.run(Thread.java:1583)
----------------------------------------------------------
[10:37:00] java.lang.NullPointerException: Cannot invoke "org.dynmap.markers.MarkerSet.findAreaMarker(String)" because "markerSet" is null
	at Kingdoms-Addon-Map Viewers-3.1.0.2.jar//org.kingdoms.services.maps.dynmap.ServiceDynmap.createLandMarkers(ServiceDynmap.java:140)
	at Kingdoms-Addon-Map Viewers-3.1.0.2.jar//org.kingdoms.services.maps.MapLandManager.createAreas(MapLandManager.java:89)
	at Kingdoms-Addon-Map Viewers-3.1.0.2.jar//org.kingdoms.services.maps.MapLandManager.createAreasFromWorlds(MapLandManager.java:54)
	at Kingdoms-Addon-Map Viewers-3.1.0.2.jar//org.kingdoms.services.maps.MapServiceProvider.updateLands(MapServiceProvider.java:99)
	at Kingdoms-Addon-Map Viewers-3.1.0.2.jar//org.kingdoms.services.maps.ServiceMap.updateLands(ServiceMap.java:310)
	at Kingdoms-Addon-Map Viewers-3.1.0.2.jar//org.kingdoms.services.maps.ServiceMap.lambda$loadMarkersSettings$3(ServiceMap.java:113)
	at Kingdoms-Addon-Map Viewers-3.1.0.2.jar//org.kingdoms.services.maps.abstraction.markersets.MarkerListenerType$Kingdoms.onUpdate(MarkerListenerType.java:38)
	at Kingdoms-Addon-Map Viewers-3.1.0.2.jar//org.kingdoms.services.maps.ServiceMap.updateLands(ServiceMap.java:203)
	at Kingdoms-Addon-Map Viewers-3.1.0.2.jar//org.kingdoms.services.maps.MapEventHandlers.lambda$updateKingdomLands$0(MapEventHandlers.java:72)
	at KingdomsX-1.17.20-BETA.jar//org.kingdoms.scheduler.TaskScheduler.delayed(TaskScheduler.java:36)
	at Kingdoms-Addon-Map Viewers-3.1.0.2.jar//org.kingdoms.services.maps.MapEventHandlers.updateKingdomLands(MapEventHandlers.java:72)
	at Kingdoms-Addon-Map Viewers-3.1.0.2.jar//org.kingdoms.services.maps.MapEventHandlers.onClaim(MapEventHandlers.java:56)
	at co.aikar.timings.TimedEventExecutor.execute(TimedEventExecutor.java:80)
	at org.bukkit.plugin.RegisteredListener.callEvent(RegisteredListener.java:71)
	at io.papermc.paper.plugin.manager.PaperEventManager.callEvent(PaperEventManager.java:54)
	at io.papermc.paper.plugin.manager.PaperPluginManagerImpl.callEvent(PaperPluginManagerImpl.java:131)
	at org.bukkit.plugin.SimplePluginManager.callEvent(SimplePluginManager.java:628)
	at KingdomsX-1.17.20-BETA.jar//org.kingdoms.constants.group.Kingdom.claim(Kingdom.java:430)
	at KingdomsX-1.17.20-BETA.jar//org.kingdoms.constants.group.Kingdom.claim(Kingdom.java:419)
	at KingdomsX-1.17.20-BETA.jar//org.kingdoms.commands.general.claims.claiming.CommandClaim.execute(CommandClaim.java:118)
	at KingdomsX-1.17.20-BETA.jar//org.kingdoms.commands.KingdomsCommandHandler.a(KingdomsCommandHandler.java:444)
	at KingdomsX-1.17.20-BETA.jar//org.kingdoms.commands.KingdomsCommandHandler.a(KingdomsCommandHandler.java:401)
	at KingdomsX-1.17.20-BETA.jar//org.kingdoms.commands.KingdomsCommandHandler.handle(KingdomsCommandHandler.java:391)
	at KingdomsX-1.17.20-BETA.jar//org.kingdoms.commands.KingdomsCommandHandler.onCommand(KingdomsCommandHandler.java:470)
	at org.bukkit.command.PluginCommand.execute(PluginCommand.java:45)
	at io.papermc.paper.command.brigadier.bukkit.BukkitCommandNode$BukkitBrigCommand.run(BukkitCommandNode.java:83)
	at com.mojang.brigadier.context.ContextChain.runExecutable(ContextChain.java:73)
	at net.minecraft.commands.execution.tasks.ExecuteCommand.execute(ExecuteCommand.java:30)
	at net.minecraft.commands.execution.tasks.ExecuteCommand.execute(ExecuteCommand.java:13)
	at net.minecraft.commands.execution.UnboundEntryAction.lambda$bind$0(UnboundEntryAction.java:8)
	at net.minecraft.commands.execution.CommandQueueEntry.execute(CommandQueueEntry.java:5)
	at net.minecraft.commands.execution.ExecutionContext.runCommandQueue(ExecutionContext.java:105)
	at net.minecraft.commands.Commands.executeCommandInContext(Commands.java:451)
	at net.minecraft.commands.Commands.performCommand(Commands.java:357)
	at org.bukkit.craftbukkit.CraftServer.dispatchCommand(CraftServer.java:995)
	at org.bukkit.Bukkit.dispatchCommand(Bukkit.java:1116)
	at KingdomsX-1.17.20-BETA.jar//org.kingdoms.utils.commands.ConfigCommand.a(ConfigCommand.java:120)
	at KingdomsX-1.17.20-BETA.jar//org.kingdoms.utils.commands.ConfigCommand.execute(ConfigCommand.java:84)
	at KingdomsX-1.17.20-BETA.jar//org.kingdoms.utils.string.Strings.performCommands(Strings.java:1147)
	at KingdomsX-1.17.20-BETA.jar//org.kingdoms.managers.land.map.KingdomsMap.b(KingdomsMap.java:310)
	at KingdomsX-1.17.20-BETA.jar//org.kingdoms.gui.InteractiveGUIManager.onClick(InteractiveGUIManager.java:234)
	at co.aikar.timings.TimedEventExecutor.execute(TimedEventExecutor.java:80)
	at org.bukkit.plugin.RegisteredListener.callEvent(RegisteredListener.java:71)
	at io.papermc.paper.plugin.manager.PaperEventManager.callEvent(PaperEventManager.java:54)
	at io.papermc.paper.plugin.manager.PaperPluginManagerImpl.callEvent(PaperPluginManagerImpl.java:131)
	at org.bukkit.plugin.SimplePluginManager.callEvent(SimplePluginManager.java:628)
	at net.minecraft.server.network.ServerGamePacketListenerImpl.handleContainerClick(ServerGamePacketListenerImpl.java:3207)
	at net.minecraft.network.protocol.game.ServerboundContainerClickPacket.handle(ServerboundContainerClickPacket.java:59)
	at net.minecraft.network.protocol.game.ServerboundContainerClickPacket.handle(ServerboundContainerClickPacket.java:14)
	at net.minecraft.network.protocol.PacketUtils.lambda$ensureRunningOnSameThread$0(PacketUtils.java:29)
	at net.minecraft.server.TickTask.run(TickTask.java:18)
	at net.minecraft.util.thread.BlockableEventLoop.doRunTask(BlockableEventLoop.java:155)
	at net.minecraft.util.thread.ReentrantBlockableEventLoop.doRunTask(ReentrantBlockableEventLoop.java:24)
	at net.minecraft.server.MinecraftServer.doRunTask(MinecraftServer.java:1449)
	at net.minecraft.server.MinecraftServer.doRunTask(MinecraftServer.java:176)
	at net.minecraft.util.thread.BlockableEventLoop.pollTask(BlockableEventLoop.java:129)
	at net.minecraft.server.MinecraftServer.pollTaskInternal(MinecraftServer.java:1429)
	at net.minecraft.server.MinecraftServer.pollTask(MinecraftServer.java:1423)
	at net.minecraft.util.thread.BlockableEventLoop.managedBlock(BlockableEventLoop.java:139)
	at net.minecraft.server.MinecraftServer.managedBlock(MinecraftServer.java:1380)
	at net.minecraft.server.MinecraftServer.waitUntilNextTick(MinecraftServer.java:1388)
	at net.minecraft.server.MinecraftServer.runServer(MinecraftServer.java:1265)
	at net.minecraft.server.MinecraftServer.lambda$spin$2(MinecraftServer.java:310)
	at java.base/java.lang.Thread.run(Thread.java:1583)
----------------------------------------------------------
[10:37:00] java.lang.NullPointerException: Cannot invoke "org.dynmap.markers.MarkerSet.findAreaMarker(String)" because "markerSet" is null
	at Kingdoms-Addon-Map Viewers-3.1.0.2.jar//org.kingdoms.services.maps.dynmap.ServiceDynmap.createLandMarkers(ServiceDynmap.java:140)
	at Kingdoms-Addon-Map Viewers-3.1.0.2.jar//org.kingdoms.services.maps.MapLandManager.createAreas(MapLandManager.java:89)
	at Kingdoms-Addon-Map Viewers-3.1.0.2.jar//org.kingdoms.services.maps.MapLandManager.createAreasFromWorlds(MapLandManager.java:54)
	at Kingdoms-Addon-Map Viewers-3.1.0.2.jar//org.kingdoms.services.maps.MapServiceProvider.updateLands(MapServiceProvider.java:99)
	at Kingdoms-Addon-Map Viewers-3.1.0.2.jar//org.kingdoms.services.maps.ServiceMap.updateLands(ServiceMap.java:310)
	at Kingdoms-Addon-Map Viewers-3.1.0.2.jar//org.kingdoms.services.maps.ServiceMap.lambda$loadMarkersSettings$3(ServiceMap.java:113)
	at Kingdoms-Addon-Map Viewers-3.1.0.2.jar//org.kingdoms.services.maps.abstraction.markersets.MarkerListenerType$Kingdoms.onUpdate(MarkerListenerType.java:38)
	at Kingdoms-Addon-Map Viewers-3.1.0.2.jar//org.kingdoms.services.maps.ServiceMap.updateLands(ServiceMap.java:203)
	at Kingdoms-Addon-Map Viewers-3.1.0.2.jar//org.kingdoms.services.maps.MapEventHandlers.lambda$updateKingdomLands$0(MapEventHandlers.java:72)
	at KingdomsX-1.17.20-BETA.jar//org.kingdoms.scheduler.TaskScheduler.delayed(TaskScheduler.java:36)
	at Kingdoms-Addon-Map Viewers-3.1.0.2.jar//org.kingdoms.services.maps.MapEventHandlers.updateKingdomLands(MapEventHandlers.java:72)
	at Kingdoms-Addon-Map Viewers-3.1.0.2.jar//org.kingdoms.services.maps.MapEventHandlers.onClaim(MapEventHandlers.java:56)
	at co.aikar.timings.TimedEventExecutor.execute(TimedEventExecutor.java:80)
	at org.bukkit.plugin.RegisteredListener.callEvent(RegisteredListener.java:71)
	at io.papermc.paper.plugin.manager.PaperEventManager.callEvent(PaperEventManager.java:54)
	at io.papermc.paper.plugin.manager.PaperPluginManagerImpl.callEvent(PaperPluginManagerImpl.java:131)
	at org.bukkit.plugin.SimplePluginManager.callEvent(SimplePluginManager.java:628)
	at KingdomsX-1.17.20-BETA.jar//org.kingdoms.constants.group.Kingdom.claim(Kingdom.java:430)
	at KingdomsX-1.17.20-BETA.jar//org.kingdoms.constants.group.Kingdom.claim(Kingdom.java:419)
	at KingdomsX-1.17.20-BETA.jar//org.kingdoms.commands.general.claims.claiming.CommandClaim.execute(CommandClaim.java:118)
	at KingdomsX-1.17.20-BETA.jar//org.kingdoms.commands.KingdomsCommandHandler.a(KingdomsCommandHandler.java:444)
	at KingdomsX-1.17.20-BETA.jar//org.kingdoms.commands.KingdomsCommandHandler.a(KingdomsCommandHandler.java:401)
	at KingdomsX-1.17.20-BETA.jar//org.kingdoms.commands.KingdomsCommandHandler.handle(KingdomsCommandHandler.java:391)
	at KingdomsX-1.17.20-BETA.jar//org.kingdoms.commands.KingdomsCommandHandler.onCommand(KingdomsCommandHandler.java:470)
	at org.bukkit.command.PluginCommand.execute(PluginCommand.java:45)
	at io.papermc.paper.command.brigadier.bukkit.BukkitCommandNode$BukkitBrigCommand.run(BukkitCommandNode.java:83)
	at com.mojang.brigadier.context.ContextChain.runExecutable(ContextChain.java:73)
	at net.minecraft.commands.execution.tasks.ExecuteCommand.execute(ExecuteCommand.java:30)
	at net.minecraft.commands.execution.tasks.ExecuteCommand.execute(ExecuteCommand.java:13)
	at net.minecraft.commands.execution.UnboundEntryAction.lambda$bind$0(UnboundEntryAction.java:8)
	at net.minecraft.commands.execution.CommandQueueEntry.execute(CommandQueueEntry.java:5)
	at net.minecraft.commands.execution.ExecutionContext.runCommandQueue(ExecutionContext.java:105)
	at net.minecraft.commands.Commands.executeCommandInContext(Commands.java:451)
	at net.minecraft.commands.Commands.performCommand(Commands.java:357)
	at org.bukkit.craftbukkit.CraftServer.dispatchCommand(CraftServer.java:995)
	at org.bukkit.Bukkit.dispatchCommand(Bukkit.java:1116)
	at KingdomsX-1.17.20-BETA.jar//org.kingdoms.utils.commands.ConfigCommand.a(ConfigCommand.java:120)
	at KingdomsX-1.17.20-BETA.jar//org.kingdoms.utils.commands.ConfigCommand.execute(ConfigCommand.java:84)
	at KingdomsX-1.17.20-BETA.jar//org.kingdoms.utils.string.Strings.performCommands(Strings.java:1147)
	at KingdomsX-1.17.20-BETA.jar//org.kingdoms.managers.land.map.KingdomsMap.b(KingdomsMap.java:310)
	at KingdomsX-1.17.20-BETA.jar//org.kingdoms.gui.InteractiveGUIManager.onClick(InteractiveGUIManager.java:234)
	at co.aikar.timings.TimedEventExecutor.execute(TimedEventExecutor.java:80)
	at org.bukkit.plugin.RegisteredListener.callEvent(RegisteredListener.java:71)
	at io.papermc.paper.plugin.manager.PaperEventManager.callEvent(PaperEventManager.java:54)
	at io.papermc.paper.plugin.manager.PaperPluginManagerImpl.callEvent(PaperPluginManagerImpl.java:131)
	at org.bukkit.plugin.SimplePluginManager.callEvent(SimplePluginManager.java:628)
	at net.minecraft.server.network.ServerGamePacketListenerImpl.handleContainerClick(ServerGamePacketListenerImpl.java:3207)
	at net.minecraft.network.protocol.game.ServerboundContainerClickPacket.handle(ServerboundContainerClickPacket.java:59)
	at net.minecraft.network.protocol.game.ServerboundContainerClickPacket.handle(ServerboundContainerClickPacket.java:14)
	at net.minecraft.network.protocol.PacketUtils.lambda$ensureRunningOnSameThread$0(PacketUtils.java:29)
	at net.minecraft.server.TickTask.run(TickTask.java:18)
	at net.minecraft.util.thread.BlockableEventLoop.doRunTask(BlockableEventLoop.java:155)
	at net.minecraft.util.thread.ReentrantBlockableEventLoop.doRunTask(ReentrantBlockableEventLoop.java:24)
	at net.minecraft.server.MinecraftServer.doRunTask(MinecraftServer.java:1449)
	at net.minecraft.server.MinecraftServer.doRunTask(MinecraftServer.java:176)
	at net.minecraft.util.thread.BlockableEventLoop.pollTask(BlockableEventLoop.java:129)
	at net.minecraft.server.MinecraftServer.pollTaskInternal(MinecraftServer.java:1429)
	at net.minecraft.server.MinecraftServer.pollTask(MinecraftServer.java:1423)
	at net.minecraft.util.thread.BlockableEventLoop.managedBlock(BlockableEventLoop.java:139)
	at net.minecraft.server.MinecraftServer.managedBlock(MinecraftServer.java:1380)
	at net.minecraft.server.MinecraftServer.waitUntilNextTick(MinecraftServer.java:1388)
	at net.minecraft.server.MinecraftServer.runServer(MinecraftServer.java:1265)
	at net.minecraft.server.MinecraftServer.lambda$spin$2(MinecraftServer.java:310)
	at java.base/java.lang.Thread.run(Thread.java:1583)
----------------------------------------------------------
[10:37:01] java.lang.NullPointerException: Cannot invoke "org.dynmap.markers.MarkerSet.findAreaMarker(String)" because "markerSet" is null
	at Kingdoms-Addon-Map Viewers-3.1.0.2.jar//org.kingdoms.services.maps.dynmap.ServiceDynmap.createLandMarkers(ServiceDynmap.java:140)
	at Kingdoms-Addon-Map Viewers-3.1.0.2.jar//org.kingdoms.services.maps.MapLandManager.createAreas(MapLandManager.java:89)
	at Kingdoms-Addon-Map Viewers-3.1.0.2.jar//org.kingdoms.services.maps.MapLandManager.createAreasFromWorlds(MapLandManager.java:54)
	at Kingdoms-Addon-Map Viewers-3.1.0.2.jar//org.kingdoms.services.maps.MapServiceProvider.updateLands(MapServiceProvider.java:99)
	at Kingdoms-Addon-Map Viewers-3.1.0.2.jar//org.kingdoms.services.maps.ServiceMap.updateLands(ServiceMap.java:310)
	at Kingdoms-Addon-Map Viewers-3.1.0.2.jar//org.kingdoms.services.maps.ServiceMap.lambda$loadMarkersSettings$3(ServiceMap.java:113)
	at Kingdoms-Addon-Map Viewers-3.1.0.2.jar//org.kingdoms.services.maps.abstraction.markersets.MarkerListenerType$Kingdoms.onUpdate(MarkerListenerType.java:38)
	at Kingdoms-Addon-Map Viewers-3.1.0.2.jar//org.kingdoms.services.maps.ServiceMap.updateLands(ServiceMap.java:203)
	at Kingdoms-Addon-Map Viewers-3.1.0.2.jar//org.kingdoms.services.maps.MapEventHandlers.lambda$updateKingdomLands$0(MapEventHandlers.java:72)
	at KingdomsX-1.17.20-BETA.jar//org.kingdoms.scheduler.TaskScheduler.delayed(TaskScheduler.java:36)
	at Kingdoms-Addon-Map Viewers-3.1.0.2.jar//org.kingdoms.services.maps.MapEventHandlers.updateKingdomLands(MapEventHandlers.java:72)
	at Kingdoms-Addon-Map Viewers-3.1.0.2.jar//org.kingdoms.services.maps.MapEventHandlers.onClaim(MapEventHandlers.java:56)
	at co.aikar.timings.TimedEventExecutor.execute(TimedEventExecutor.java:80)
	at org.bukkit.plugin.RegisteredListener.callEvent(RegisteredListener.java:71)
	at io.papermc.paper.plugin.manager.PaperEventManager.callEvent(PaperEventManager.java:54)
	at io.papermc.paper.plugin.manager.PaperPluginManagerImpl.callEvent(PaperPluginManagerImpl.java:131)
	at org.bukkit.plugin.SimplePluginManager.callEvent(SimplePluginManager.java:628)
	at KingdomsX-1.17.20-BETA.jar//org.kingdoms.constants.group.Kingdom.claim(Kingdom.java:430)
	at KingdomsX-1.17.20-BETA.jar//org.kingdoms.constants.group.Kingdom.claim(Kingdom.java:419)
	at KingdomsX-1.17.20-BETA.jar//org.kingdoms.commands.general.claims.claiming.CommandClaim.execute(CommandClaim.java:118)
	at KingdomsX-1.17.20-BETA.jar//org.kingdoms.commands.KingdomsCommandHandler.a(KingdomsCommandHandler.java:444)
	at KingdomsX-1.17.20-BETA.jar//org.kingdoms.commands.KingdomsCommandHandler.a(KingdomsCommandHandler.java:401)
	at KingdomsX-1.17.20-BETA.jar//org.kingdoms.commands.KingdomsCommandHandler.handle(KingdomsCommandHandler.java:391)
	at KingdomsX-1.17.20-BETA.jar//org.kingdoms.commands.KingdomsCommandHandler.onCommand(KingdomsCommandHandler.java:470)
	at org.bukkit.command.PluginCommand.execute(PluginCommand.java:45)
	at io.papermc.paper.command.brigadier.bukkit.BukkitCommandNode$BukkitBrigCommand.run(BukkitCommandNode.java:83)
	at com.mojang.brigadier.context.ContextChain.runExecutable(ContextChain.java:73)
	at net.minecraft.commands.execution.tasks.ExecuteCommand.execute(ExecuteCommand.java:30)
	at net.minecraft.commands.execution.tasks.ExecuteCommand.execute(ExecuteCommand.java:13)
	at net.minecraft.commands.execution.UnboundEntryAction.lambda$bind$0(UnboundEntryAction.java:8)
	at net.minecraft.commands.execution.CommandQueueEntry.execute(CommandQueueEntry.java:5)
	at net.minecraft.commands.execution.ExecutionContext.runCommandQueue(ExecutionContext.java:105)
	at net.minecraft.commands.Commands.executeCommandInContext(Commands.java:451)
	at net.minecraft.commands.Commands.performCommand(Commands.java:357)
	at org.bukkit.craftbukkit.CraftServer.dispatchCommand(CraftServer.java:995)
	at org.bukkit.Bukkit.dispatchCommand(Bukkit.java:1116)
	at KingdomsX-1.17.20-BETA.jar//org.kingdoms.utils.commands.ConfigCommand.a(ConfigCommand.java:120)
	at KingdomsX-1.17.20-BETA.jar//org.kingdoms.utils.commands.ConfigCommand.execute(ConfigCommand.java:84)
	at KingdomsX-1.17.20-BETA.jar//org.kingdoms.utils.string.Strings.performCommands(Strings.java:1147)
	at KingdomsX-1.17.20-BETA.jar//org.kingdoms.managers.land.map.KingdomsMap.b(KingdomsMap.java:310)
	at KingdomsX-1.17.20-BETA.jar//org.kingdoms.gui.InteractiveGUIManager.onClick(InteractiveGUIManager.java:234)
	at co.aikar.timings.TimedEventExecutor.execute(TimedEventExecutor.java:80)
	at org.bukkit.plugin.RegisteredListener.callEvent(RegisteredListener.java:71)
	at io.papermc.paper.plugin.manager.PaperEventManager.callEvent(PaperEventManager.java:54)
	at io.papermc.paper.plugin.manager.PaperPluginManagerImpl.callEvent(PaperPluginManagerImpl.java:131)
	at org.bukkit.plugin.SimplePluginManager.callEvent(SimplePluginManager.java:628)
	at net.minecraft.server.network.ServerGamePacketListenerImpl.handleContainerClick(ServerGamePacketListenerImpl.java:3207)
	at net.minecraft.network.protocol.game.ServerboundContainerClickPacket.handle(ServerboundContainerClickPacket.java:59)
	at net.minecraft.network.protocol.game.ServerboundContainerClickPacket.handle(ServerboundContainerClickPacket.java:14)
	at net.minecraft.network.protocol.PacketUtils.lambda$ensureRunningOnSameThread$0(PacketUtils.java:29)
	at net.minecraft.server.TickTask.run(TickTask.java:18)
	at net.minecraft.util.thread.BlockableEventLoop.doRunTask(BlockableEventLoop.java:155)
	at net.minecraft.util.thread.ReentrantBlockableEventLoop.doRunTask(ReentrantBlockableEventLoop.java:24)
	at net.minecraft.server.MinecraftServer.doRunTask(MinecraftServer.java:1449)
	at net.minecraft.server.MinecraftServer.doRunTask(MinecraftServer.java:176)
	at net.minecraft.util.thread.BlockableEventLoop.pollTask(BlockableEventLoop.java:129)
	at net.minecraft.server.MinecraftServer.pollTaskInternal(MinecraftServer.java:1429)
	at net.minecraft.server.MinecraftServer.pollTask(MinecraftServer.java:1423)
	at net.minecraft.util.thread.BlockableEventLoop.managedBlock(BlockableEventLoop.java:139)
	at net.minecraft.server.MinecraftServer.managedBlock(MinecraftServer.java:1380)
	at net.minecraft.server.MinecraftServer.waitUntilNextTick(MinecraftServer.java:1388)
	at net.minecraft.server.MinecraftServer.runServer(MinecraftServer.java:1265)
	at net.minecraft.server.MinecraftServer.lambda$spin$2(MinecraftServer.java:310)
	at java.base/java.lang.Thread.run(Thread.java:1583)
----------------------------------------------------------
[10:50:02] Plugin disabled


[10:51:15] Starting daily checks services...
[10:51:15] Timezone: Etc/UTC
[10:51:15] Cycle time: 12:00
[10:51:15] Last perform: null
[10:51:15] [ProlongedTask/daily checks] Triggered reminder. Next: 1 day(s), 07:51:15
[10:57:28] HELLO has been disbanded for SELF
[11:02:04] Plugin disabled


[11:06:51] Starting daily checks services...
[11:06:51] Timezone: Etc/UTC
[11:06:51] Cycle time: 12:00
[11:06:51] Last perform: null
[11:06:51] [ProlongedTask/daily checks] Triggered reminder. Next: 1 day(s), 08:06:51
[11:36:21] Plugin disabled


[11:37:29] Starting daily checks services...
[11:37:29] Timezone: Etc/UTC
[11:37:29] Cycle time: 12:00
[11:37:29] Last perform: null
[11:37:29] [ProlongedTask/daily checks] Triggered reminder. Next: 1 day(s), 08:37:29
[11:41:43] Plugin disabled


[11:42:55] Starting daily checks services...
[11:42:55] Timezone: Etc/UTC
[11:42:55] Cycle time: 12:00
[11:42:55] Last perform: null
[11:42:55] [ProlongedTask/daily checks] Triggered reminder. Next: 1 day(s), 08:42:55
[11:55:11] edsthilaire121 has joined HELLO kingdom.
[11:55:11] A kingdom named HELLO has been created for edsthilaire121
[11:55:12] java.lang.NullPointerException: Cannot invoke "org.dynmap.markers.MarkerSet.findAreaMarker(String)" because "markerSet" is null
	at Kingdoms-Addon-Map Viewers-3.1.0.2.jar//org.kingdoms.services.maps.dynmap.ServiceDynmap.createLandMarkers(ServiceDynmap.java:140)
	at Kingdoms-Addon-Map Viewers-3.1.0.2.jar//org.kingdoms.services.maps.MapLandManager.createAreas(MapLandManager.java:89)
	at Kingdoms-Addon-Map Viewers-3.1.0.2.jar//org.kingdoms.services.maps.MapLandManager.createAreasFromWorlds(MapLandManager.java:54)
	at Kingdoms-Addon-Map Viewers-3.1.0.2.jar//org.kingdoms.services.maps.MapServiceProvider.updateLands(MapServiceProvider.java:99)
	at Kingdoms-Addon-Map Viewers-3.1.0.2.jar//org.kingdoms.services.maps.ServiceMap.updateLands(ServiceMap.java:310)
	at Kingdoms-Addon-Map Viewers-3.1.0.2.jar//org.kingdoms.services.maps.ServiceMap.lambda$loadMarkersSettings$1(ServiceMap.java:93)
	at Kingdoms-Addon-Map Viewers-3.1.0.2.jar//org.kingdoms.services.maps.abstraction.markersets.MarkerListenerType$Kingdoms.onUpdate(MarkerListenerType.java:38)
	at Kingdoms-Addon-Map Viewers-3.1.0.2.jar//org.kingdoms.services.maps.ServiceMap.updateLands(ServiceMap.java:203)
	at Kingdoms-Addon-Map Viewers-3.1.0.2.jar//org.kingdoms.services.maps.MapEventHandlers.lambda$updateKingdomLands$0(MapEventHandlers.java:72)
	at KingdomsX-1.17.20-BETA.jar//org.kingdoms.scheduler.TaskScheduler.delayed(TaskScheduler.java:36)
	at Kingdoms-Addon-Map Viewers-3.1.0.2.jar//org.kingdoms.services.maps.MapEventHandlers.updateKingdomLands(MapEventHandlers.java:72)
	at Kingdoms-Addon-Map Viewers-3.1.0.2.jar//org.kingdoms.services.maps.MapEventHandlers.onClaim(MapEventHandlers.java:56)
	at co.aikar.timings.TimedEventExecutor.execute(TimedEventExecutor.java:80)
	at org.bukkit.plugin.RegisteredListener.callEvent(RegisteredListener.java:71)
	at io.papermc.paper.plugin.manager.PaperEventManager.callEvent(PaperEventManager.java:54)
	at io.papermc.paper.plugin.manager.PaperPluginManagerImpl.callEvent(PaperPluginManagerImpl.java:131)
	at org.bukkit.plugin.SimplePluginManager.callEvent(SimplePluginManager.java:628)
	at KingdomsX-1.17.20-BETA.jar//org.kingdoms.constants.group.Kingdom.claim(Kingdom.java:430)
	at KingdomsX-1.17.20-BETA.jar//org.kingdoms.commands.general.others.CommandCreate.execute(CommandCreate.java:143)
	at KingdomsX-1.17.20-BETA.jar//org.kingdoms.commands.KingdomsCommandHandler.a(KingdomsCommandHandler.java:444)
	at KingdomsX-1.17.20-BETA.jar//org.kingdoms.commands.KingdomsCommandHandler.a(KingdomsCommandHandler.java:401)
	at KingdomsX-1.17.20-BETA.jar//org.kingdoms.commands.KingdomsCommandHandler.handle(KingdomsCommandHandler.java:391)
	at KingdomsX-1.17.20-BETA.jar//org.kingdoms.commands.KingdomsCommandHandler.onCommand(KingdomsCommandHandler.java:470)
	at org.bukkit.command.PluginCommand.execute(PluginCommand.java:45)
	at io.papermc.paper.command.brigadier.bukkit.BukkitCommandNode$BukkitBrigCommand.run(BukkitCommandNode.java:83)
	at com.mojang.brigadier.context.ContextChain.runExecutable(ContextChain.java:73)
	at net.minecraft.commands.execution.tasks.ExecuteCommand.execute(ExecuteCommand.java:30)
	at net.minecraft.commands.execution.tasks.ExecuteCommand.execute(ExecuteCommand.java:13)
	at net.minecraft.commands.execution.UnboundEntryAction.lambda$bind$0(UnboundEntryAction.java:8)
	at net.minecraft.commands.execution.CommandQueueEntry.execute(CommandQueueEntry.java:5)
	at net.minecraft.commands.execution.ExecutionContext.runCommandQueue(ExecutionContext.java:105)
	at net.minecraft.commands.Commands.executeCommandInContext(Commands.java:451)
	at net.minecraft.commands.Commands.performCommand(Commands.java:357)
	at net.minecraft.commands.Commands.performCommand(Commands.java:345)
	at net.minecraft.server.network.ServerGamePacketListenerImpl.performUnsignedChatCommand(ServerGamePacketListenerImpl.java:2313)
	at net.minecraft.server.network.ServerGamePacketListenerImpl.lambda$handleChatCommand$12(ServerGamePacketListenerImpl.java:2286)
	at net.minecraft.server.TickTask.run(TickTask.java:18)
	at net.minecraft.util.thread.BlockableEventLoop.doRunTask(BlockableEventLoop.java:155)
	at net.minecraft.util.thread.ReentrantBlockableEventLoop.doRunTask(ReentrantBlockableEventLoop.java:24)
	at net.minecraft.server.MinecraftServer.doRunTask(MinecraftServer.java:1449)
	at net.minecraft.server.MinecraftServer.doRunTask(MinecraftServer.java:176)
	at net.minecraft.util.thread.BlockableEventLoop.pollTask(BlockableEventLoop.java:129)
	at net.minecraft.server.MinecraftServer.pollTaskInternal(MinecraftServer.java:1429)
	at net.minecraft.server.MinecraftServer.pollTask(MinecraftServer.java:1423)
	at net.minecraft.util.thread.BlockableEventLoop.managedBlock(BlockableEventLoop.java:139)
	at net.minecraft.server.MinecraftServer.managedBlock(MinecraftServer.java:1380)
	at net.minecraft.server.MinecraftServer.waitUntilNextTick(MinecraftServer.java:1388)
	at net.minecraft.server.MinecraftServer.runServer(MinecraftServer.java:1265)
	at net.minecraft.server.MinecraftServer.lambda$spin$2(MinecraftServer.java:310)
	at java.base/java.lang.Thread.run(Thread.java:1583)
----------------------------------------------------------
[11:55:12] java.lang.NullPointerException: Cannot invoke "org.dynmap.markers.MarkerSet.findAreaMarker(String)" because "markerSet" is null
	at Kingdoms-Addon-Map Viewers-3.1.0.2.jar//org.kingdoms.services.maps.dynmap.ServiceDynmap.createLandMarkers(ServiceDynmap.java:140)
	at Kingdoms-Addon-Map Viewers-3.1.0.2.jar//org.kingdoms.services.maps.MapLandManager.createAreas(MapLandManager.java:89)
	at Kingdoms-Addon-Map Viewers-3.1.0.2.jar//org.kingdoms.services.maps.MapLandManager.createAreasFromWorlds(MapLandManager.java:54)
	at Kingdoms-Addon-Map Viewers-3.1.0.2.jar//org.kingdoms.services.maps.MapServiceProvider.updateLands(MapServiceProvider.java:99)
	at Kingdoms-Addon-Map Viewers-3.1.0.2.jar//org.kingdoms.services.maps.ServiceMap.updateLands(ServiceMap.java:310)
	at Kingdoms-Addon-Map Viewers-3.1.0.2.jar//org.kingdoms.services.maps.ServiceMap.lambda$loadMarkersSettings$1(ServiceMap.java:93)
	at Kingdoms-Addon-Map Viewers-3.1.0.2.jar//org.kingdoms.services.maps.abstraction.markersets.MarkerListenerType$Kingdoms.onUpdate(MarkerListenerType.java:38)
	at Kingdoms-Addon-Map Viewers-3.1.0.2.jar//org.kingdoms.services.maps.ServiceMap.updateLands(ServiceMap.java:203)
	at Kingdoms-Addon-Map Viewers-3.1.0.2.jar//org.kingdoms.services.maps.MapEventHandlers.lambda$updateKingdomLands$0(MapEventHandlers.java:72)
	at KingdomsX-1.17.20-BETA.jar//org.kingdoms.scheduler.TaskScheduler.delayed(TaskScheduler.java:36)
	at Kingdoms-Addon-Map Viewers-3.1.0.2.jar//org.kingdoms.services.maps.MapEventHandlers.updateKingdomLands(MapEventHandlers.java:72)
	at Kingdoms-Addon-Map Viewers-3.1.0.2.jar//org.kingdoms.services.maps.MapEventHandlers.updateGroup(MapEventHandlers.java:86)
	at Kingdoms-Addon-Map Viewers-3.1.0.2.jar//org.kingdoms.services.maps.MapEventHandlers.onJoinEvent(MapEventHandlers.java:113)
	at co.aikar.timings.TimedEventExecutor.execute(TimedEventExecutor.java:80)
	at org.bukkit.plugin.RegisteredListener.callEvent(RegisteredListener.java:71)
	at io.papermc.paper.plugin.manager.PaperEventManager.callEvent(PaperEventManager.java:54)
	at io.papermc.paper.plugin.manager.PaperPluginManagerImpl.callEvent(PaperPluginManagerImpl.java:131)
	at org.bukkit.plugin.SimplePluginManager.callEvent(SimplePluginManager.java:628)
	at KingdomsX-1.17.20-BETA.jar//org.kingdoms.constants.player.KingdomPlayer.joinKingdom(KingdomPlayer.java:344)
	at KingdomsX-1.17.20-BETA.jar//org.kingdoms.constants.player.KingdomPlayer.joinKingdom(KingdomPlayer.java:334)
	at KingdomsX-1.17.20-BETA.jar//org.kingdoms.constants.group.Kingdom.<init>(Kingdom.java:197)
	at KingdomsX-1.17.20-BETA.jar//org.kingdoms.commands.general.others.CommandCreate.execute(CommandCreate.java:90)
	at KingdomsX-1.17.20-BETA.jar//org.kingdoms.commands.KingdomsCommandHandler.a(KingdomsCommandHandler.java:444)
	at KingdomsX-1.17.20-BETA.jar//org.kingdoms.commands.KingdomsCommandHandler.a(KingdomsCommandHandler.java:401)
	at KingdomsX-1.17.20-BETA.jar//org.kingdoms.commands.KingdomsCommandHandler.handle(KingdomsCommandHandler.java:391)
	at KingdomsX-1.17.20-BETA.jar//org.kingdoms.commands.KingdomsCommandHandler.onCommand(KingdomsCommandHandler.java:470)
	at org.bukkit.command.PluginCommand.execute(PluginCommand.java:45)
	at io.papermc.paper.command.brigadier.bukkit.BukkitCommandNode$BukkitBrigCommand.run(BukkitCommandNode.java:83)
	at com.mojang.brigadier.context.ContextChain.runExecutable(ContextChain.java:73)
	at net.minecraft.commands.execution.tasks.ExecuteCommand.execute(ExecuteCommand.java:30)
	at net.minecraft.commands.execution.tasks.ExecuteCommand.execute(ExecuteCommand.java:13)
	at net.minecraft.commands.execution.UnboundEntryAction.lambda$bind$0(UnboundEntryAction.java:8)
	at net.minecraft.commands.execution.CommandQueueEntry.execute(CommandQueueEntry.java:5)
	at net.minecraft.commands.execution.ExecutionContext.runCommandQueue(ExecutionContext.java:105)
	at net.minecraft.commands.Commands.executeCommandInContext(Commands.java:451)
	at net.minecraft.commands.Commands.performCommand(Commands.java:357)
	at net.minecraft.commands.Commands.performCommand(Commands.java:345)
	at net.minecraft.server.network.ServerGamePacketListenerImpl.performUnsignedChatCommand(ServerGamePacketListenerImpl.java:2313)
	at net.minecraft.server.network.ServerGamePacketListenerImpl.lambda$handleChatCommand$12(ServerGamePacketListenerImpl.java:2286)
	at net.minecraft.server.TickTask.run(TickTask.java:18)
	at net.minecraft.util.thread.BlockableEventLoop.doRunTask(BlockableEventLoop.java:155)
	at net.minecraft.util.thread.ReentrantBlockableEventLoop.doRunTask(ReentrantBlockableEventLoop.java:24)
	at net.minecraft.server.MinecraftServer.doRunTask(MinecraftServer.java:1449)
	at net.minecraft.server.MinecraftServer.doRunTask(MinecraftServer.java:176)
	at net.minecraft.util.thread.BlockableEventLoop.pollTask(BlockableEventLoop.java:129)
	at net.minecraft.server.MinecraftServer.pollTaskInternal(MinecraftServer.java:1429)
	at net.minecraft.server.MinecraftServer.pollTask(MinecraftServer.java:1423)
	at net.minecraft.util.thread.BlockableEventLoop.managedBlock(BlockableEventLoop.java:139)
	at net.minecraft.server.MinecraftServer.managedBlock(MinecraftServer.java:1380)
	at net.minecraft.server.MinecraftServer.waitUntilNextTick(MinecraftServer.java:1388)
	at net.minecraft.server.MinecraftServer.runServer(MinecraftServer.java:1265)
	at net.minecraft.server.MinecraftServer.lambda$spin$2(MinecraftServer.java:310)
	at java.base/java.lang.Thread.run(Thread.java:1583)
----------------------------------------------------------
[11:55:12] java.lang.NullPointerException: Cannot invoke "org.dynmap.markers.MarkerSet.findAreaMarker(String)" because "markerSet" is null
	at Kingdoms-Addon-Map Viewers-3.1.0.2.jar//org.kingdoms.services.maps.dynmap.ServiceDynmap.createLandMarkers(ServiceDynmap.java:140)
	at Kingdoms-Addon-Map Viewers-3.1.0.2.jar//org.kingdoms.services.maps.MapLandManager.createAreas(MapLandManager.java:89)
	at Kingdoms-Addon-Map Viewers-3.1.0.2.jar//org.kingdoms.services.maps.MapLandManager.createAreasFromWorlds(MapLandManager.java:54)
	at Kingdoms-Addon-Map Viewers-3.1.0.2.jar//org.kingdoms.services.maps.MapServiceProvider.updateLands(MapServiceProvider.java:99)
	at Kingdoms-Addon-Map Viewers-3.1.0.2.jar//org.kingdoms.services.maps.ServiceMap.updateLands(ServiceMap.java:310)
	at Kingdoms-Addon-Map Viewers-3.1.0.2.jar//org.kingdoms.services.maps.ServiceMap.lambda$loadMarkersSettings$1(ServiceMap.java:93)
	at Kingdoms-Addon-Map Viewers-3.1.0.2.jar//org.kingdoms.services.maps.abstraction.markersets.MarkerListenerType$Kingdoms.onUpdate(MarkerListenerType.java:38)
	at Kingdoms-Addon-Map Viewers-3.1.0.2.jar//org.kingdoms.services.maps.ServiceMap.updateLands(ServiceMap.java:203)
	at Kingdoms-Addon-Map Viewers-3.1.0.2.jar//org.kingdoms.services.maps.MapEventHandlers.lambda$updateKingdomLands$0(MapEventHandlers.java:72)
	at KingdomsX-1.17.20-BETA.jar//org.kingdoms.scheduler.TaskScheduler.delayed(TaskScheduler.java:36)
	at Kingdoms-Addon-Map Viewers-3.1.0.2.jar//org.kingdoms.services.maps.MapEventHandlers.updateKingdomLands(MapEventHandlers.java:72)
	at Kingdoms-Addon-Map Viewers-3.1.0.2.jar//org.kingdoms.services.maps.MapEventHandlers.onKingdomCreate(MapEventHandlers.java:67)
	at co.aikar.timings.TimedEventExecutor.execute(TimedEventExecutor.java:80)
	at org.bukkit.plugin.RegisteredListener.callEvent(RegisteredListener.java:71)
	at io.papermc.paper.plugin.manager.PaperEventManager.callEvent(PaperEventManager.java:54)
	at io.papermc.paper.plugin.manager.PaperPluginManagerImpl.callEvent(PaperPluginManagerImpl.java:131)
	at org.bukkit.plugin.SimplePluginManager.callEvent(SimplePluginManager.java:628)
	at KingdomsX-1.17.20-BETA.jar//org.kingdoms.constants.group.Kingdom.<init>(Kingdom.java:206)
	at KingdomsX-1.17.20-BETA.jar//org.kingdoms.commands.general.others.CommandCreate.execute(CommandCreate.java:90)
	at KingdomsX-1.17.20-BETA.jar//org.kingdoms.commands.KingdomsCommandHandler.a(KingdomsCommandHandler.java:444)
	at KingdomsX-1.17.20-BETA.jar//org.kingdoms.commands.KingdomsCommandHandler.a(KingdomsCommandHandler.java:401)
	at KingdomsX-1.17.20-BETA.jar//org.kingdoms.commands.KingdomsCommandHandler.handle(KingdomsCommandHandler.java:391)
	at KingdomsX-1.17.20-BETA.jar//org.kingdoms.commands.KingdomsCommandHandler.onCommand(KingdomsCommandHandler.java:470)
	at org.bukkit.command.PluginCommand.execute(PluginCommand.java:45)
	at io.papermc.paper.command.brigadier.bukkit.BukkitCommandNode$BukkitBrigCommand.run(BukkitCommandNode.java:83)
	at com.mojang.brigadier.context.ContextChain.runExecutable(ContextChain.java:73)
	at net.minecraft.commands.execution.tasks.ExecuteCommand.execute(ExecuteCommand.java:30)
	at net.minecraft.commands.execution.tasks.ExecuteCommand.execute(ExecuteCommand.java:13)
	at net.minecraft.commands.execution.UnboundEntryAction.lambda$bind$0(UnboundEntryAction.java:8)
	at net.minecraft.commands.execution.CommandQueueEntry.execute(CommandQueueEntry.java:5)
	at net.minecraft.commands.execution.ExecutionContext.runCommandQueue(ExecutionContext.java:105)
	at net.minecraft.commands.Commands.executeCommandInContext(Commands.java:451)
	at net.minecraft.commands.Commands.performCommand(Commands.java:357)
	at net.minecraft.commands.Commands.performCommand(Commands.java:345)
	at net.minecraft.server.network.ServerGamePacketListenerImpl.performUnsignedChatCommand(ServerGamePacketListenerImpl.java:2313)
	at net.minecraft.server.network.ServerGamePacketListenerImpl.lambda$handleChatCommand$12(ServerGamePacketListenerImpl.java:2286)
	at net.minecraft.server.TickTask.run(TickTask.java:18)
	at net.minecraft.util.thread.BlockableEventLoop.doRunTask(BlockableEventLoop.java:155)
	at net.minecraft.util.thread.ReentrantBlockableEventLoop.doRunTask(ReentrantBlockableEventLoop.java:24)
	at net.minecraft.server.MinecraftServer.doRunTask(MinecraftServer.java:1449)
	at net.minecraft.server.MinecraftServer.doRunTask(MinecraftServer.java:176)
	at net.minecraft.util.thread.BlockableEventLoop.pollTask(BlockableEventLoop.java:129)
	at net.minecraft.server.MinecraftServer.pollTaskInternal(MinecraftServer.java:1429)
	at net.minecraft.server.MinecraftServer.pollTask(MinecraftServer.java:1423)
	at net.minecraft.util.thread.BlockableEventLoop.managedBlock(BlockableEventLoop.java:139)
	at net.minecraft.server.MinecraftServer.managedBlock(MinecraftServer.java:1380)
	at net.minecraft.server.MinecraftServer.waitUntilNextTick(MinecraftServer.java:1388)
	at net.minecraft.server.MinecraftServer.runServer(MinecraftServer.java:1265)
	at net.minecraft.server.MinecraftServer.lambda$spin$2(MinecraftServer.java:310)
	at java.base/java.lang.Thread.run(Thread.java:1583)
----------------------------------------------------------
[11:55:14] edsthilaire121 has changed their kingdom HELLO pacifism state: false
