17.08.2025 - 18:42:10 - [TAB v5.2.5] Blocked attempt to add player .NovelFour7060 into team nametag_default (expected team: 6.NovelFour7060A)
17.08.2025 - 18:42:19 - [TAB v5.2.5] Blocked attempt to add player edsthilaire121 into team nametag_default (expected team: 6edsthilaire121A)
21.08.2025 - 19:36:54 - [TAB v5.2.5] Blocked attempt to add player .SleepyPoem1571 into team nametag_default (expected team: 5A)
21.08.2025 - 19:42:07 - [TAB v5.2.5] Blocked attempt to add player SleepyPoem1571 into team nametag_default (expected team: 5A)
21.08.2025 - 19:48:54 - [TAB v5.2.5] Blocked attempt to add player soypapa into team nametag_default (expected team: 5A)
16.09.2025 - 22:02:13 - [TAB v5.2.5] Blocked attempt to add player edsthilaire121 into team nametag_default (expected team: 0A)
16.09.2025 - 22:37:19 - [TAB v5.2.5] Blocked attempt to add player edsthilaire121 into team nametag_default (expected team: 0A)
19.09.2025 - 23:46:43 - [TAB v5.2.5] Blocked attempt to add player douglassp into team nametag_default (expected team: 5A)
22.09.2025 - 22:48:04 - [TAB v5.2.5] Blocked attempt to add player ELPEPE into team nametag_default (expected team: 5A)
04.10.2025 - 20:32:07 - [TAB v5.2.5] Blocked attempt to add player TestBot into team nametag_default (expected team: 5A)
04.10.2025 - 20:35:05 - [TAB v5.2.5] Blocked attempt to add player TestBot0 into team nametag_default (expected team: 5A)
04.10.2025 - 20:35:07 - [TAB v5.2.5] Blocked attempt to add player TestBot1 into team nametag_default (expected team: 5B)
04.10.2025 - 20:35:09 - [TAB v5.2.5] Blocked attempt to add player TestBot2 into team nametag_default (expected team: 5C)
04.10.2025 - 20:35:11 - [TAB v5.2.5] Blocked attempt to add player TestBot3 into team nametag_default (expected team: 5D)
04.10.2025 - 20:35:13 - [TAB v5.2.5] Blocked attempt to add player TestBot4 into team nametag_default (expected team: 5E)
04.10.2025 - 20:35:15 - [TAB v5.2.5] Blocked attempt to add player TestBot5 into team nametag_default (expected team: 5F)
04.10.2025 - 20:35:17 - [TAB v5.2.5] Blocked attempt to add player TestBot6 into team nametag_default (expected team: 5G)
04.10.2025 - 20:35:19 - [TAB v5.2.5] Blocked attempt to add player TestBot7 into team nametag_default (expected team: 5H)
04.10.2025 - 20:35:21 - [TAB v5.2.5] Blocked attempt to add player TestBot8 into team nametag_default (expected team: 5I)
04.10.2025 - 20:35:23 - [TAB v5.2.5] Blocked attempt to add player TestBot9 into team nametag_default (expected team: 5J)
04.10.2025 - 20:39:23 - [TAB v5.2.5] Blocked attempt to add player RamTest0 into team nametag_default (expected team: 5A)
04.10.2025 - 20:39:26 - [TAB v5.2.5] Blocked attempt to add player RamTest1 into team nametag_default (expected team: 5B)
04.10.2025 - 20:40:19 - [TAB v5.2.5] Blocked attempt to add player RamTest2 into team nametag_default (expected team: 5C)
04.10.2025 - 20:40:22 - [TAB v5.2.5] Blocked attempt to add player RamTest3 into team nametag_default (expected team: 5D)
04.10.2025 - 20:40:25 - [TAB v5.2.5] Blocked attempt to add player RamTest4 into team nametag_default (expected team: 5E)
04.10.2025 - 20:40:28 - [TAB v5.2.5] Blocked attempt to add player RamTest5 into team nametag_default (expected team: 5F)
04.10.2025 - 20:40:31 - [TAB v5.2.5] Blocked attempt to add player RamTest6 into team nametag_default (expected team: 5G)
04.10.2025 - 20:40:34 - [TAB v5.2.5] Blocked attempt to add player RamTest7 into team nametag_default (expected team: 5H)
04.10.2025 - 20:40:37 - [TAB v5.2.5] Blocked attempt to add player RamTest8 into team nametag_default (expected team: 5I)
04.10.2025 - 20:40:40 - [TAB v5.2.5] Blocked attempt to add player RamTest9 into team nametag_default (expected team: 5J)
04.10.2025 - 20:40:43 - [TAB v5.2.5] Blocked attempt to add player RamTest10 into team nametag_default (expected team: 5K)
04.10.2025 - 20:40:46 - [TAB v5.2.5] Blocked attempt to add player RamTest11 into team nametag_default (expected team: 5L)
04.10.2025 - 20:40:49 - [TAB v5.2.5] Blocked attempt to add player RamTest12 into team nametag_default (expected team: 5M)
04.10.2025 - 20:40:52 - [TAB v5.2.5] Blocked attempt to add player RamTest13 into team nametag_default (expected team: 5N)
04.10.2025 - 20:40:55 - [TAB v5.2.5] Blocked attempt to add player RamTest14 into team nametag_default (expected team: 5O)
04.10.2025 - 20:40:58 - [TAB v5.2.5] Blocked attempt to add player RamTest15 into team nametag_default (expected team: 5P)
04.10.2025 - 20:41:01 - [TAB v5.2.5] Blocked attempt to add player RamTest16 into team nametag_default (expected team: 5Q)
04.10.2025 - 20:41:04 - [TAB v5.2.5] Blocked attempt to add player RamTest17 into team nametag_default (expected team: 5R)
04.10.2025 - 20:41:07 - [TAB v5.2.5] Blocked attempt to add player RamTest18 into team nametag_default (expected team: 5S)
04.10.2025 - 20:47:15 - [TAB v5.2.5] Blocked attempt to add player TestBot10 into team nametag_default (expected team: 5J)
04.10.2025 - 20:58:29 - [TAB v5.2.5] Blocked attempt to add player TestBot11 into team nametag_default (expected team: 5K)
04.10.2025 - 20:58:31 - [TAB v5.2.5] Blocked attempt to add player TestBot12 into team nametag_default (expected team: 5L)
04.10.2025 - 20:58:34 - [TAB v5.2.5] Blocked attempt to add player TestBot13 into team nametag_default (expected team: 5M)
04.10.2025 - 20:58:36 - [TAB v5.2.5] Blocked attempt to add player TestBot14 into team nametag_default (expected team: 5N)
04.10.2025 - 20:58:38 - [TAB v5.2.5] Blocked attempt to add player TestBot15 into team nametag_default (expected team: 5O)
04.10.2025 - 20:58:39 - [TAB v5.2.5] Blocked attempt to add player TestBot16 into team nametag_default (expected team: 5P)
04.10.2025 - 20:58:41 - [TAB v5.2.5] Blocked attempt to add player TestBot17 into team nametag_default (expected team: 5Q)
04.10.2025 - 20:58:44 - [TAB v5.2.5] Blocked attempt to add player TestBot18 into team nametag_default (expected team: 5R)
04.10.2025 - 20:58:46 - [TAB v5.2.5] Blocked attempt to add player TestBot19 into team nametag_default (expected team: 5S)
04.10.2025 - 20:58:47 - [TAB v5.2.5] Blocked attempt to add player TestBot20 into team nametag_default (expected team: 5T)
04.10.2025 - 20:58:50 - [TAB v5.2.5] Blocked attempt to add player TestBot21 into team nametag_default (expected team: 5U)
04.10.2025 - 20:58:52 - [TAB v5.2.5] Blocked attempt to add player TestBot22 into team nametag_default (expected team: 5V)
04.10.2025 - 20:58:53 - [TAB v5.2.5] Blocked attempt to add player TestBot23 into team nametag_default (expected team: 5W)
04.10.2025 - 20:58:55 - [TAB v5.2.5] Blocked attempt to add player TestBot24 into team nametag_default (expected team: 5X)
04.10.2025 - 20:58:58 - [TAB v5.2.5] Blocked attempt to add player TestBot25 into team nametag_default (expected team: 5Y)
04.10.2025 - 20:58:59 - [TAB v5.2.5] Blocked attempt to add player TestBot26 into team nametag_default (expected team: 5Z)
04.10.2025 - 20:59:02 - [TAB v5.2.5] Blocked attempt to add player TestBot27 into team nametag_default (expected team: 5[)
04.10.2025 - 20:59:04 - [TAB v5.2.5] Blocked attempt to add player TestBot28 into team nametag_default (expected team: 5\)
04.10.2025 - 20:59:05 - [TAB v5.2.5] Blocked attempt to add player TestBot29 into team nametag_default (expected team: 5])
04.10.2025 - 20:59:07 - [TAB v5.2.5] Blocked attempt to add player TestBot30 into team nametag_default (expected team: 5^)
04.10.2025 - 20:59:09 - [TAB v5.2.5] Blocked attempt to add player TestBot31 into team nametag_default (expected team: 5_)
04.10.2025 - 20:59:11 - [TAB v5.2.5] Blocked attempt to add player TestBot32 into team nametag_default (expected team: 5`)
04.10.2025 - 20:59:13 - [TAB v5.2.5] Blocked attempt to add player TestBot33 into team nametag_default (expected team: 5a)
04.10.2025 - 20:59:15 - [TAB v5.2.5] Blocked attempt to add player TestBot34 into team nametag_default (expected team: 5b)
04.10.2025 - 20:59:18 - [TAB v5.2.5] Blocked attempt to add player TestBot35 into team nametag_default (expected team: 5c)
04.10.2025 - 20:59:20 - [TAB v5.2.5] Blocked attempt to add player TestBot36 into team nametag_default (expected team: 5d)
04.10.2025 - 20:59:22 - [TAB v5.2.5] Blocked attempt to add player TestBot37 into team nametag_default (expected team: 5e)
04.10.2025 - 20:59:23 - [TAB v5.2.5] Blocked attempt to add player TestBot38 into team nametag_default (expected team: 5f)
04.10.2025 - 20:59:25 - [TAB v5.2.5] Blocked attempt to add player TestBot39 into team nametag_default (expected team: 5g)
04.10.2025 - 20:59:28 - [TAB v5.2.5] Blocked attempt to add player TestBot40 into team nametag_default (expected team: 5h)
04.10.2025 - 20:59:30 - [TAB v5.2.5] Blocked attempt to add player TestBot41 into team nametag_default (expected team: 5i)
04.10.2025 - 20:59:32 - [TAB v5.2.5] Blocked attempt to add player TestBot42 into team nametag_default (expected team: 5j)
04.10.2025 - 20:59:34 - [TAB v5.2.5] Blocked attempt to add player TestBot43 into team nametag_default (expected team: 5k)
04.10.2025 - 20:59:36 - [TAB v5.2.5] Blocked attempt to add player TestBot44 into team nametag_default (expected team: 5l)
04.10.2025 - 20:59:37 - [TAB v5.2.5] Blocked attempt to add player TestBot45 into team nametag_default (expected team: 5m)
04.10.2025 - 20:59:39 - [TAB v5.2.5] Blocked attempt to add player TestBot46 into team nametag_default (expected team: 5n)
04.10.2025 - 20:59:42 - [TAB v5.2.5] Blocked attempt to add player TestBot47 into team nametag_default (expected team: 5o)
04.10.2025 - 20:59:44 - [TAB v5.2.5] Blocked attempt to add player TestBot48 into team nametag_default (expected team: 5p)
04.10.2025 - 20:59:46 - [TAB v5.2.5] Blocked attempt to add player TestBot49 into team nametag_default (expected team: 5q)
04.10.2025 - 20:59:48 - [TAB v5.2.5] Blocked attempt to add player TestBot50 into team nametag_default (expected team: 5r)
04.10.2025 - 21:53:07 - [TAB v5.2.5] Blocked attempt to add player MassBot001 into team nametag_default (expected team: 5A)
04.10.2025 - 21:53:09 - [TAB v5.2.5] Blocked attempt to add player MassBot002 into team nametag_default (expected team: 5B)
04.10.2025 - 21:53:13 - [TAB v5.2.5] Blocked attempt to add player MassBot003 into team nametag_default (expected team: 5C)
04.10.2025 - 21:53:17 - [TAB v5.2.5] Blocked attempt to add player MassBot004 into team nametag_default (expected team: 5D)
04.10.2025 - 21:53:21 - [TAB v5.2.5] Blocked attempt to add player MassBot005 into team nametag_default (expected team: 5E)
04.10.2025 - 21:53:25 - [TAB v5.2.5] Blocked attempt to add player MassBot006 into team nametag_default (expected team: 5F)
04.10.2025 - 21:53:29 - [TAB v5.2.5] Blocked attempt to add player MassBot007 into team nametag_default (expected team: 5G)
04.10.2025 - 21:53:33 - [TAB v5.2.5] Blocked attempt to add player MassBot008 into team nametag_default (expected team: 5H)
04.10.2025 - 21:53:37 - [TAB v5.2.5] Blocked attempt to add player MassBot009 into team nametag_default (expected team: 5I)
04.10.2025 - 21:53:41 - [TAB v5.2.5] Blocked attempt to add player MassBot010 into team nametag_default (expected team: 5J)
04.10.2025 - 21:54:15 - [TAB v5.2.5] Blocked attempt to add player MassBot011 into team nametag_default (expected team: 5K)
04.10.2025 - 21:54:20 - [TAB v5.2.5] Blocked attempt to add player MassBot012 into team nametag_default (expected team: 5L)
04.10.2025 - 21:54:23 - [TAB v5.2.5] Blocked attempt to add player MassBot013 into team nametag_default (expected team: 5M)
04.10.2025 - 21:54:27 - [TAB v5.2.5] Blocked attempt to add player MassBot014 into team nametag_default (expected team: 5N)
04.10.2025 - 21:54:31 - [TAB v5.2.5] Blocked attempt to add player MassBot015 into team nametag_default (expected team: 5O)
04.10.2025 - 21:54:35 - [TAB v5.2.5] Blocked attempt to add player MassBot016 into team nametag_default (expected team: 5P)
04.10.2025 - 21:54:39 - [TAB v5.2.5] Blocked attempt to add player MassBot017 into team nametag_default (expected team: 5Q)
04.10.2025 - 21:54:43 - [TAB v5.2.5] Blocked attempt to add player MassBot018 into team nametag_default (expected team: 5R)
04.10.2025 - 21:54:47 - [TAB v5.2.5] Blocked attempt to add player MassBot019 into team nametag_default (expected team: 5S)
04.10.2025 - 21:54:51 - [TAB v5.2.5] Blocked attempt to add player MassBot020 into team nametag_default (expected team: 5T)
04.10.2025 - 21:55:25 - [TAB v5.2.5] Blocked attempt to add player MassBot021 into team nametag_default (expected team: 5U)
04.10.2025 - 21:55:29 - [TAB v5.2.5] Blocked attempt to add player MassBot022 into team nametag_default (expected team: 5V)
04.10.2025 - 21:55:33 - [TAB v5.2.5] Blocked attempt to add player MassBot023 into team nametag_default (expected team: 5W)
04.10.2025 - 21:55:37 - [TAB v5.2.5] Blocked attempt to add player MassBot024 into team nametag_default (expected team: 5X)
04.10.2025 - 21:55:41 - [TAB v5.2.5] Blocked attempt to add player MassBot025 into team nametag_default (expected team: 5Y)
04.10.2025 - 21:55:45 - [TAB v5.2.5] Blocked attempt to add player MassBot026 into team nametag_default (expected team: 5Z)
04.10.2025 - 21:55:49 - [TAB v5.2.5] Blocked attempt to add player MassBot027 into team nametag_default (expected team: 5[)
04.10.2025 - 21:55:53 - [TAB v5.2.5] Blocked attempt to add player MassBot028 into team nametag_default (expected team: 5\)
04.10.2025 - 21:55:57 - [TAB v5.2.5] Blocked attempt to add player MassBot029 into team nametag_default (expected team: 5])
04.10.2025 - 21:56:01 - [TAB v5.2.5] Blocked attempt to add player MassBot030 into team nametag_default (expected team: 5^)
04.10.2025 - 21:56:35 - [TAB v5.2.5] Blocked attempt to add player MassBot031 into team nametag_default (expected team: 5_)
04.10.2025 - 21:56:39 - [TAB v5.2.5] Blocked attempt to add player MassBot032 into team nametag_default (expected team: 5`)
04.10.2025 - 21:56:43 - [TAB v5.2.5] Blocked attempt to add player MassBot033 into team nametag_default (expected team: 5a)
04.10.2025 - 21:56:47 - [TAB v5.2.5] Blocked attempt to add player MassBot034 into team nametag_default (expected team: 5b)
04.10.2025 - 21:56:51 - [TAB v5.2.5] Blocked attempt to add player MassBot035 into team nametag_default (expected team: 5c)
04.10.2025 - 21:56:55 - [TAB v5.2.5] Blocked attempt to add player MassBot036 into team nametag_default (expected team: 5d)
04.10.2025 - 21:56:59 - [TAB v5.2.5] Blocked attempt to add player MassBot037 into team nametag_default (expected team: 5e)
04.10.2025 - 21:57:03 - [TAB v5.2.5] Blocked attempt to add player MassBot038 into team nametag_default (expected team: 5f)
04.10.2025 - 21:57:07 - [TAB v5.2.5] Blocked attempt to add player MassBot039 into team nametag_default (expected team: 5g)
04.10.2025 - 21:57:11 - [TAB v5.2.5] Blocked attempt to add player MassBot040 into team nametag_default (expected team: 5h)
04.10.2025 - 21:57:45 - [TAB v5.2.5] Blocked attempt to add player MassBot041 into team nametag_default (expected team: 5i)
04.10.2025 - 21:57:49 - [TAB v5.2.5] Blocked attempt to add player MassBot042 into team nametag_default (expected team: 5j)
04.10.2025 - 21:57:53 - [TAB v5.2.5] Blocked attempt to add player MassBot043 into team nametag_default (expected team: 5k)
04.10.2025 - 21:57:57 - [TAB v5.2.5] Blocked attempt to add player MassBot044 into team nametag_default (expected team: 5l)
04.10.2025 - 21:58:01 - [TAB v5.2.5] Blocked attempt to add player MassBot045 into team nametag_default (expected team: 5m)
04.10.2025 - 21:58:05 - [TAB v5.2.5] Blocked attempt to add player MassBot046 into team nametag_default (expected team: 5n)
04.10.2025 - 21:58:09 - [TAB v5.2.5] Blocked attempt to add player MassBot047 into team nametag_default (expected team: 5o)
04.10.2025 - 21:58:13 - [TAB v5.2.5] Blocked attempt to add player MassBot048 into team nametag_default (expected team: 5p)
04.10.2025 - 21:58:17 - [TAB v5.2.5] Blocked attempt to add player MassBot049 into team nametag_default (expected team: 5q)
04.10.2025 - 21:58:21 - [TAB v5.2.5] Blocked attempt to add player MassBot050 into team nametag_default (expected team: 5r)
04.10.2025 - 21:58:55 - [TAB v5.2.5] Blocked attempt to add player MassBot051 into team nametag_default (expected team: 5s)
04.10.2025 - 21:58:59 - [TAB v5.2.5] Blocked attempt to add player MassBot052 into team nametag_default (expected team: 5t)
04.10.2025 - 21:59:03 - [TAB v5.2.5] Blocked attempt to add player MassBot053 into team nametag_default (expected team: 5u)
04.10.2025 - 21:59:07 - [TAB v5.2.5] Blocked attempt to add player MassBot054 into team nametag_default (expected team: 5v)
04.10.2025 - 21:59:11 - [TAB v5.2.5] Blocked attempt to add player MassBot055 into team nametag_default (expected team: 5w)
04.10.2025 - 21:59:15 - [TAB v5.2.5] Blocked attempt to add player MassBot056 into team nametag_default (expected team: 5x)
04.10.2025 - 21:59:19 - [TAB v5.2.5] Blocked attempt to add player MassBot057 into team nametag_default (expected team: 5y)
04.10.2025 - 21:59:23 - [TAB v5.2.5] Blocked attempt to add player MassBot058 into team nametag_default (expected team: 5z)
04.10.2025 - 21:59:27 - [TAB v5.2.5] Blocked attempt to add player MassBot059 into team nametag_default (expected team: 5{)
04.10.2025 - 21:59:31 - [TAB v5.2.5] Blocked attempt to add player MassBot060 into team nametag_default (expected team: 5|)
04.10.2025 - 22:00:05 - [TAB v5.2.5] Blocked attempt to add player MassBot061 into team nametag_default (expected team: 5})
04.10.2025 - 22:00:09 - [TAB v5.2.5] Blocked attempt to add player MassBot062 into team nametag_default (expected team: 5~)
04.10.2025 - 22:00:13 - [TAB v5.2.5] Blocked attempt to add player MassBot063 into team nametag_default (expected team: 5)
04.10.2025 - 22:00:17 - [TAB v5.2.5] Blocked attempt to add player MassBot064 into team nametag_default (expected team: 5)
04.10.2025 - 22:00:21 - [TAB v5.2.5] Blocked attempt to add player MassBot065 into team nametag_default (expected team: 5)
04.10.2025 - 22:00:25 - [TAB v5.2.5] Blocked attempt to add player MassBot066 into team nametag_default (expected team: 5)
04.10.2025 - 22:00:29 - [TAB v5.2.5] Blocked attempt to add player MassBot067 into team nametag_default (expected team: 5)
04.10.2025 - 22:00:33 - [TAB v5.2.5] Blocked attempt to add player MassBot068 into team nametag_default (expected team: 5)
04.10.2025 - 22:00:37 - [TAB v5.2.5] Blocked attempt to add player MassBot069 into team nametag_default (expected team: 5)
04.10.2025 - 22:00:41 - [TAB v5.2.5] Blocked attempt to add player MassBot070 into team nametag_default (expected team: 5)
04.10.2025 - 22:01:15 - [TAB v5.2.5] Blocked attempt to add player MassBot071 into team nametag_default (expected team: 5)
04.10.2025 - 22:01:19 - [TAB v5.2.5] Blocked attempt to add player MassBot072 into team nametag_default (expected team: 5)
04.10.2025 - 22:01:23 - [TAB v5.2.5] Blocked attempt to add player MassBot073 into team nametag_default (expected team: 5)
04.10.2025 - 22:01:27 - [TAB v5.2.5] Blocked attempt to add player MassBot074 into team nametag_default (expected team: 5)
04.10.2025 - 22:01:31 - [TAB v5.2.5] Blocked attempt to add player MassBot075 into team nametag_default (expected team: 5)
04.10.2025 - 22:01:35 - [TAB v5.2.5] Blocked attempt to add player MassBot076 into team nametag_default (expected team: 5)
04.10.2025 - 22:01:39 - [TAB v5.2.5] Blocked attempt to add player MassBot077 into team nametag_default (expected team: 5)
04.10.2025 - 22:01:43 - [TAB v5.2.5] Blocked attempt to add player MassBot078 into team nametag_default (expected team: 5)
04.10.2025 - 22:01:47 - [TAB v5.2.5] Blocked attempt to add player MassBot079 into team nametag_default (expected team: 5)
04.10.2025 - 22:01:51 - [TAB v5.2.5] Blocked attempt to add player MassBot080 into team nametag_default (expected team: 5)
04.10.2025 - 22:02:26 - [TAB v5.2.5] Blocked attempt to add player MassBot081 into team nametag_default (expected team: 5)
04.10.2025 - 22:02:29 - [TAB v5.2.5] Blocked attempt to add player MassBot082 into team nametag_default (expected team: 5)
04.10.2025 - 22:02:33 - [TAB v5.2.5] Blocked attempt to add player MassBot083 into team nametag_default (expected team: 5)
04.10.2025 - 22:02:37 - [TAB v5.2.5] Blocked attempt to add player MassBot084 into team nametag_default (expected team: 5)
04.10.2025 - 22:02:41 - [TAB v5.2.5] Blocked attempt to add player MassBot085 into team nametag_default (expected team: 5)
04.10.2025 - 22:02:46 - [TAB v5.2.5] Blocked attempt to add player MassBot086 into team nametag_default (expected team: 5)
04.10.2025 - 22:02:49 - [TAB v5.2.5] Blocked attempt to add player MassBot087 into team nametag_default (expected team: 5)
04.10.2025 - 22:02:53 - [TAB v5.2.5] Blocked attempt to add player MassBot088 into team nametag_default (expected team: 5)
04.10.2025 - 22:02:57 - [TAB v5.2.5] Blocked attempt to add player MassBot089 into team nametag_default (expected team: 5)
04.10.2025 - 22:03:01 - [TAB v5.2.5] Blocked attempt to add player MassBot090 into team nametag_default (expected team: 5)
04.10.2025 - 22:03:35 - [TAB v5.2.5] Blocked attempt to add player MassBot091 into team nametag_default (expected team: 5)
04.10.2025 - 22:03:39 - [TAB v5.2.5] Blocked attempt to add player MassBot092 into team nametag_default (expected team: 5)
04.10.2025 - 22:03:44 - [TAB v5.2.5] Blocked attempt to add player MassBot093 into team nametag_default (expected team: 5)
04.10.2025 - 22:03:48 - [TAB v5.2.5] Blocked attempt to add player MassBot094 into team nametag_default (expected team: 5)
04.10.2025 - 22:03:51 - [TAB v5.2.5] Blocked attempt to add player MassBot095 into team nametag_default (expected team: 5)
04.10.2025 - 22:03:55 - [TAB v5.2.5] Blocked attempt to add player MassBot096 into team nametag_default (expected team: 5 )
04.10.2025 - 22:04:00 - [TAB v5.2.5] Blocked attempt to add player MassBot097 into team nametag_default (expected team: 5¡)
04.10.2025 - 22:04:04 - [TAB v5.2.5] Blocked attempt to add player MassBot098 into team nametag_default (expected team: 5¢)
04.10.2025 - 22:04:08 - [TAB v5.2.5] Blocked attempt to add player MassBot099 into team nametag_default (expected team: 5£)
04.10.2025 - 22:04:12 - [TAB v5.2.5] Blocked attempt to add player MassBot100 into team nametag_default (expected team: 5¤)
04.10.2025 - 22:04:45 - [TAB v5.2.5] Blocked attempt to add player MassBot101 into team nametag_default (expected team: 5¥)
04.10.2025 - 22:04:49 - [TAB v5.2.5] Blocked attempt to add player MassBot102 into team nametag_default (expected team: 5¦)
04.10.2025 - 22:04:53 - [TAB v5.2.5] Blocked attempt to add player MassBot103 into team nametag_default (expected team: 5§)
04.10.2025 - 22:04:58 - [TAB v5.2.5] Blocked attempt to add player MassBot104 into team nametag_default (expected team: 5¨)
04.10.2025 - 22:05:02 - [TAB v5.2.5] Blocked attempt to add player MassBot105 into team nametag_default (expected team: 5©)
04.10.2025 - 22:05:06 - [TAB v5.2.5] Blocked attempt to add player MassBot106 into team nametag_default (expected team: 5ª)
04.10.2025 - 22:05:10 - [TAB v5.2.5] Blocked attempt to add player MassBot107 into team nametag_default (expected team: 5«)
04.10.2025 - 22:05:14 - [TAB v5.2.5] Blocked attempt to add player MassBot108 into team nametag_default (expected team: 5¬)
04.10.2025 - 22:05:18 - [TAB v5.2.5] Blocked attempt to add player MassBot109 into team nametag_default (expected team: 5­)
04.10.2025 - 22:05:22 - [TAB v5.2.5] Blocked attempt to add player MassBot110 into team nametag_default (expected team: 5®)
04.10.2025 - 22:05:56 - [TAB v5.2.5] Blocked attempt to add player MassBot111 into team nametag_default (expected team: 5¯)
04.10.2025 - 22:06:01 - [TAB v5.2.5] Blocked attempt to add player MassBot112 into team nametag_default (expected team: 5°)
04.10.2025 - 22:06:04 - [TAB v5.2.5] Blocked attempt to add player MassBot113 into team nametag_default (expected team: 5±)
04.10.2025 - 22:06:11 - [TAB v5.2.5] Blocked attempt to add player MassBot114 into team nametag_default (expected team: 5²)
04.10.2025 - 22:06:12 - [TAB v5.2.5] Blocked attempt to add player MassBot115 into team nametag_default (expected team: 5³)
04.10.2025 - 22:06:17 - [TAB v5.2.5] Blocked attempt to add player MassBot116 into team nametag_default (expected team: 5´)
04.10.2025 - 22:06:20 - [TAB v5.2.5] Blocked attempt to add player MassBot117 into team nametag_default (expected team: 5µ)
04.10.2025 - 22:06:24 - [TAB v5.2.5] Blocked attempt to add player MassBot118 into team nametag_default (expected team: 5¶)
04.10.2025 - 22:06:28 - [TAB v5.2.5] Blocked attempt to add player MassBot119 into team nametag_default (expected team: 5·)
04.10.2025 - 22:06:32 - [TAB v5.2.5] Blocked attempt to add player MassBot120 into team nametag_default (expected team: 5¸)
04.10.2025 - 22:07:06 - [TAB v5.2.5] Blocked attempt to add player MassBot121 into team nametag_default (expected team: 5¹)
04.10.2025 - 22:07:12 - [TAB v5.2.5] Blocked attempt to add player MassBot122 into team nametag_default (expected team: 5º)
04.10.2025 - 22:07:14 - [TAB v5.2.5] Blocked attempt to add player MassBot123 into team nametag_default (expected team: 5»)
04.10.2025 - 22:07:19 - [TAB v5.2.5] Blocked attempt to add player MassBot124 into team nametag_default (expected team: 5¼)
04.10.2025 - 22:07:23 - [TAB v5.2.5] Blocked attempt to add player MassBot125 into team nametag_default (expected team: 5½)
04.10.2025 - 22:07:29 - [TAB v5.2.5] Blocked attempt to add player MassBot126 into team nametag_default (expected team: 5¾)
04.10.2025 - 22:07:31 - [TAB v5.2.5] Blocked attempt to add player MassBot127 into team nametag_default (expected team: 5¿)
04.10.2025 - 22:07:36 - [TAB v5.2.5] Blocked attempt to add player MassBot128 into team nametag_default (expected team: 5À)
04.10.2025 - 22:07:39 - [TAB v5.2.5] Blocked attempt to add player MassBot129 into team nametag_default (expected team: 5Á)
04.10.2025 - 22:07:45 - [TAB v5.2.5] Blocked attempt to add player MassBot130 into team nametag_default (expected team: 5Â)
04.10.2025 - 22:08:17 - [TAB v5.2.5] Blocked attempt to add player MassBot131 into team nametag_default (expected team: 5Ã)
04.10.2025 - 22:08:21 - [TAB v5.2.5] Blocked attempt to add player MassBot132 into team nametag_default (expected team: 5Ä)
04.10.2025 - 22:08:25 - [TAB v5.2.5] Blocked attempt to add player MassBot133 into team nametag_default (expected team: 5Å)
04.10.2025 - 22:08:31 - [TAB v5.2.5] Blocked attempt to add player MassBot134 into team nametag_default (expected team: 5Æ)
04.10.2025 - 22:08:33 - [TAB v5.2.5] Blocked attempt to add player MassBot135 into team nametag_default (expected team: 5Ç)
04.10.2025 - 22:08:38 - [TAB v5.2.5] Blocked attempt to add player MassBot136 into team nametag_default (expected team: 5È)
04.10.2025 - 22:08:42 - [TAB v5.2.5] Blocked attempt to add player MassBot137 into team nametag_default (expected team: 5É)
04.10.2025 - 22:08:46 - [TAB v5.2.5] Blocked attempt to add player MassBot138 into team nametag_default (expected team: 5Ê)
04.10.2025 - 22:08:50 - [TAB v5.2.5] Blocked attempt to add player MassBot139 into team nametag_default (expected team: 5Ë)
04.10.2025 - 22:08:54 - [TAB v5.2.5] Blocked attempt to add player MassBot140 into team nametag_default (expected team: 5Ì)
04.10.2025 - 22:09:29 - [TAB v5.2.5] Blocked attempt to add player MassBot141 into team nametag_default (expected team: 5Í)
04.10.2025 - 22:09:32 - [TAB v5.2.5] Blocked attempt to add player MassBot142 into team nametag_default (expected team: 5Î)
04.10.2025 - 22:09:36 - [TAB v5.2.5] Blocked attempt to add player MassBot143 into team nametag_default (expected team: 5Ï)
04.10.2025 - 22:09:41 - [TAB v5.2.5] Blocked attempt to add player MassBot144 into team nametag_default (expected team: 5Ð)
04.10.2025 - 22:09:45 - [TAB v5.2.5] Blocked attempt to add player MassBot145 into team nametag_default (expected team: 5Ñ)
04.10.2025 - 22:09:48 - [TAB v5.2.5] Blocked attempt to add player MassBot146 into team nametag_default (expected team: 5Ò)
04.10.2025 - 22:09:53 - [TAB v5.2.5] Blocked attempt to add player MassBot147 into team nametag_default (expected team: 5Ó)
04.10.2025 - 22:09:57 - [TAB v5.2.5] Blocked attempt to add player MassBot148 into team nametag_default (expected team: 5Ô)
04.10.2025 - 22:10:01 - [TAB v5.2.5] Blocked attempt to add player MassBot149 into team nametag_default (expected team: 5Õ)
04.10.2025 - 22:10:05 - [TAB v5.2.5] Blocked attempt to add player MassBot150 into team nametag_default (expected team: 5Ö)
05.10.2025 - 14:54:29 - [TAB v5.2.5] Blocked attempt to add player sexoooooooooo into team nametag_default (expected team: 5A)
07.10.2025 - 00:06:22 - [TAB v5.2.5] Blocked attempt to add player .Sthilaireed1 into team nametag_default (expected team: 5A)
